Archive member included to satisfy reference by file (symbol)

/opt/st/stm32cubeide_1.5.1/plugins/com.st.stm32cube.ide.mcu.externaltools.gnu-tools-for-stm32.7-2018-q2-update.linux64_1.5.0.202011040924/tools/bin/../lib/gcc/arm-none-eabi/7.3.1/../../../../arm-none-eabi/lib/thumb/v7e-m/fpv4-sp/hard/libc_nano.a(lib_a-errno.o)
                              Core/Src/syscalls.o (__errno)
/opt/st/stm32cubeide_1.5.1/plugins/com.st.stm32cube.ide.mcu.externaltools.gnu-tools-for-stm32.7-2018-q2-update.linux64_1.5.0.202011040924/tools/bin/../lib/gcc/arm-none-eabi/7.3.1/../../../../arm-none-eabi/lib/thumb/v7e-m/fpv4-sp/hard/libc_nano.a(lib_a-exit.o)
                              /opt/st/stm32cubeide_1.5.1/plugins/com.st.stm32cube.ide.mcu.externaltools.gnu-tools-for-stm32.7-2018-q2-update.linux64_1.5.0.202011040924/tools/bin/../lib/gcc/arm-none-eabi/7.3.1/../../../../arm-none-eabi/lib/thumb/v7e-m/fpv4-sp/hard/crt0.o (exit)
/opt/st/stm32cubeide_1.5.1/plugins/com.st.stm32cube.ide.mcu.externaltools.gnu-tools-for-stm32.7-2018-q2-update.linux64_1.5.0.202011040924/tools/bin/../lib/gcc/arm-none-eabi/7.3.1/../../../../arm-none-eabi/lib/thumb/v7e-m/fpv4-sp/hard/libc_nano.a(lib_a-impure.o)
                              /opt/st/stm32cubeide_1.5.1/plugins/com.st.stm32cube.ide.mcu.externaltools.gnu-tools-for-stm32.7-2018-q2-update.linux64_1.5.0.202011040924/tools/bin/../lib/gcc/arm-none-eabi/7.3.1/../../../../arm-none-eabi/lib/thumb/v7e-m/fpv4-sp/hard/libc_nano.a(lib_a-exit.o) (_global_impure_ptr)
/opt/st/stm32cubeide_1.5.1/plugins/com.st.stm32cube.ide.mcu.externaltools.gnu-tools-for-stm32.7-2018-q2-update.linux64_1.5.0.202011040924/tools/bin/../lib/gcc/arm-none-eabi/7.3.1/../../../../arm-none-eabi/lib/thumb/v7e-m/fpv4-sp/hard/libc_nano.a(lib_a-init.o)
                              /opt/st/stm32cubeide_1.5.1/plugins/com.st.stm32cube.ide.mcu.externaltools.gnu-tools-for-stm32.7-2018-q2-update.linux64_1.5.0.202011040924/tools/bin/../lib/gcc/arm-none-eabi/7.3.1/../../../../arm-none-eabi/lib/thumb/v7e-m/fpv4-sp/hard/crt0.o (__libc_init_array)
/opt/st/stm32cubeide_1.5.1/plugins/com.st.stm32cube.ide.mcu.externaltools.gnu-tools-for-stm32.7-2018-q2-update.linux64_1.5.0.202011040924/tools/bin/../lib/gcc/arm-none-eabi/7.3.1/../../../../arm-none-eabi/lib/thumb/v7e-m/fpv4-sp/hard/libc_nano.a(lib_a-memcpy-stub.o)
                              Middlewares/Third_Party/FreeRTOS/Source/queue.o (memcpy)
/opt/st/stm32cubeide_1.5.1/plugins/com.st.stm32cube.ide.mcu.externaltools.gnu-tools-for-stm32.7-2018-q2-update.linux64_1.5.0.202011040924/tools/bin/../lib/gcc/arm-none-eabi/7.3.1/../../../../arm-none-eabi/lib/thumb/v7e-m/fpv4-sp/hard/libc_nano.a(lib_a-memset.o)
                              /opt/st/stm32cubeide_1.5.1/plugins/com.st.stm32cube.ide.mcu.externaltools.gnu-tools-for-stm32.7-2018-q2-update.linux64_1.5.0.202011040924/tools/bin/../lib/gcc/arm-none-eabi/7.3.1/../../../../arm-none-eabi/lib/thumb/v7e-m/fpv4-sp/hard/crt0.o (memset)
/opt/st/stm32cubeide_1.5.1/plugins/com.st.stm32cube.ide.mcu.externaltools.gnu-tools-for-stm32.7-2018-q2-update.linux64_1.5.0.202011040924/tools/bin/../lib/gcc/arm-none-eabi/7.3.1/../../../../arm-none-eabi/lib/thumb/v7e-m/fpv4-sp/hard/libc_nano.a(lib_a-sprintf.o)
                              Core/Src/main.o (sprintf)
/opt/st/stm32cubeide_1.5.1/plugins/com.st.stm32cube.ide.mcu.externaltools.gnu-tools-for-stm32.7-2018-q2-update.linux64_1.5.0.202011040924/tools/bin/../lib/gcc/arm-none-eabi/7.3.1/../../../../arm-none-eabi/lib/thumb/v7e-m/fpv4-sp/hard/libc_nano.a(lib_a-nano-svfprintf.o)
                              /opt/st/stm32cubeide_1.5.1/plugins/com.st.stm32cube.ide.mcu.externaltools.gnu-tools-for-stm32.7-2018-q2-update.linux64_1.5.0.202011040924/tools/bin/../lib/gcc/arm-none-eabi/7.3.1/../../../../arm-none-eabi/lib/thumb/v7e-m/fpv4-sp/hard/libc_nano.a(lib_a-sprintf.o) (_svfprintf_r)
/opt/st/stm32cubeide_1.5.1/plugins/com.st.stm32cube.ide.mcu.externaltools.gnu-tools-for-stm32.7-2018-q2-update.linux64_1.5.0.202011040924/tools/bin/../lib/gcc/arm-none-eabi/7.3.1/../../../../arm-none-eabi/lib/thumb/v7e-m/fpv4-sp/hard/libc_nano.a(lib_a-nano-vfprintf_i.o)
                              /opt/st/stm32cubeide_1.5.1/plugins/com.st.stm32cube.ide.mcu.externaltools.gnu-tools-for-stm32.7-2018-q2-update.linux64_1.5.0.202011040924/tools/bin/../lib/gcc/arm-none-eabi/7.3.1/../../../../arm-none-eabi/lib/thumb/v7e-m/fpv4-sp/hard/libc_nano.a(lib_a-nano-svfprintf.o) (_printf_i)
/opt/st/stm32cubeide_1.5.1/plugins/com.st.stm32cube.ide.mcu.externaltools.gnu-tools-for-stm32.7-2018-q2-update.linux64_1.5.0.202011040924/tools/bin/../lib/gcc/arm-none-eabi/7.3.1/../../../../arm-none-eabi/lib/thumb/v7e-m/fpv4-sp/hard/libc_nano.a(lib_a-memchr.o)
                              /opt/st/stm32cubeide_1.5.1/plugins/com.st.stm32cube.ide.mcu.externaltools.gnu-tools-for-stm32.7-2018-q2-update.linux64_1.5.0.202011040924/tools/bin/../lib/gcc/arm-none-eabi/7.3.1/../../../../arm-none-eabi/lib/thumb/v7e-m/fpv4-sp/hard/libc_nano.a(lib_a-nano-svfprintf.o) (memchr)
[...]
Memory Configuration

Name             Origin             Length             Attributes
RAM              0x0000000020000000 0x0000000000050000 xrw
FLASH            0x0000000008000000 0x0000000000100000 xr
*default*        0x0000000000000000 0xffffffffffffffff

Linker script and memory map

LOAD /opt/st/stm32cubeide_1.5.1/plugins/com.st.stm32cube.ide.mcu.externaltools.gnu-tools-for-stm32.7-2018-q2-update.linux64_1.5.0.202011040924/tools/bin/../lib/gcc/arm-none-eabi/7.3.1/thumb/v7e-m/fpv4-sp/hard/crti.o
LOAD /opt/st/stm32cubeide_1.5.1/plugins/com.st.stm32cube.ide.mcu.externaltools.gnu-tools-for-stm32.7-2018-q2-update.linux64_1.5.0.202011040924/tools/bin/../lib/gcc/arm-none-eabi/7.3.1/thumb/v7e-m/fpv4-sp/hard/crtbegin.o
LOAD /opt/st/stm32cubeide_1.5.1/plugins/com.st.stm32cube.ide.mcu.externaltools.gnu-tools-for-stm32.7-2018-q2-update.linux64_1.5.0.202011040924/tools/bin/../lib/gcc/arm-none-eabi/7.3.1/../../../../arm-none-eabi/lib/thumb/v7e-m/fpv4-sp/hard/crt0.o
LOAD Core/Src/freertos.o
LOAD Core/Src/ft5336.o
LOAD Core/Src/main.o
LOAD Core/Src/stm32746g_discovery.o
LOAD Core/Src/stm32746g_discovery_lcd.o
LOAD Core/Src/stm32746g_discovery_sdram.o
LOAD Core/Src/stm32746g_discovery_ts.o
LOAD Core/Src/stm32f7xx_hal_msp.o
LOAD Core/Src/stm32f7xx_hal_timebase_tim.o
LOAD Core/Src/stm32f7xx_it.o
LOAD Core/Src/syscalls.o
LOAD Core/Src/sysmem.o
LOAD Core/Src/system_stm32f7xx.o
LOAD Core/Startup/startup_stm32f746nghx.o
LOAD Drivers/STM32F7xx_HAL_Driver/Src/stm32f7xx_hal.o
LOAD Drivers/STM32F7xx_HAL_Driver/Src/stm32f7xx_hal_adc.o
LOAD Drivers/STM32F7xx_HAL_Driver/Src/stm32f7xx_hal_adc_ex.o
LOAD Drivers/STM32F7xx_HAL_Driver/Src/stm32f7xx_hal_cortex.o
LOAD Drivers/STM32F7xx_HAL_Driver/Src/stm32f7xx_hal_dac.o
LOAD Drivers/STM32F7xx_HAL_Driver/Src/stm32f7xx_hal_dac_ex.o
LOAD Drivers/STM32F7xx_HAL_Driver/Src/stm32f7xx_hal_dma.o
LOAD Drivers/STM32F7xx_HAL_Driver/Src/stm32f7xx_hal_dma2d.o
LOAD Drivers/STM32F7xx_HAL_Driver/Src/stm32f7xx_hal_dma_ex.o
LOAD Drivers/STM32F7xx_HAL_Driver/Src/stm32f7xx_hal_dsi.o
LOAD Drivers/STM32F7xx_HAL_Driver/Src/stm32f7xx_hal_exti.o
LOAD Drivers/STM32F7xx_HAL_Driver/Src/stm32f7xx_hal_flash.o
LOAD Drivers/STM32F7xx_HAL_Driver/Src/stm32f7xx_hal_flash_ex.o
LOAD Drivers/STM32F7xx_HAL_Driver/Src/stm32f7xx_hal_gpio.o
LOAD Drivers/STM32F7xx_HAL_Driver/Src/stm32f7xx_hal_i2c.o
LOAD Drivers/STM32F7xx_HAL_Driver/Src/stm32f7xx_hal_i2c_ex.o
LOAD Drivers/STM32F7xx_HAL_Driver/Src/stm32f7xx_hal_ltdc.o
LOAD Drivers/STM32F7xx_HAL_Driver/Src/stm32f7xx_hal_ltdc_ex.o
LOAD Drivers/STM32F7xx_HAL_Driver/Src/stm32f7xx_hal_pwr.o
LOAD Drivers/STM32F7xx_HAL_Driver/Src/stm32f7xx_hal_pwr_ex.o
LOAD Drivers/STM32F7xx_HAL_Driver/Src/stm32f7xx_hal_rcc.o
LOAD Drivers/STM32F7xx_HAL_Driver/Src/stm32f7xx_hal_rcc_ex.o
LOAD Drivers/STM32F7xx_HAL_Driver/Src/stm32f7xx_hal_rtc.o
LOAD Drivers/STM32F7xx_HAL_Driver/Src/stm32f7xx_hal_rtc_ex.o
LOAD Drivers/STM32F7xx_HAL_Driver/Src/stm32f7xx_hal_sdram.o
LOAD Drivers/STM32F7xx_HAL_Driver/Src/stm32f7xx_hal_spi.o
LOAD Drivers/STM32F7xx_HAL_Driver/Src/stm32f7xx_hal_spi_ex.o
LOAD Drivers/STM32F7xx_HAL_Driver/Src/stm32f7xx_hal_tim.o
LOAD Drivers/STM32F7xx_HAL_Driver/Src/stm32f7xx_hal_tim_ex.o
LOAD Drivers/STM32F7xx_HAL_Driver/Src/stm32f7xx_hal_uart.o
LOAD Drivers/STM32F7xx_HAL_Driver/Src/stm32f7xx_hal_uart_ex.o
LOAD Drivers/STM32F7xx_HAL_Driver/Src/stm32f7xx_ll_fmc.o
LOAD Middlewares/Third_Party/FreeRTOS/Source/CMSIS_RTOS/cmsis_os.o
LOAD Middlewares/Third_Party/FreeRTOS/Source/croutine.o
LOAD Middlewares/Third_Party/FreeRTOS/Source/event_groups.o
LOAD Middlewares/Third_Party/FreeRTOS/Source/list.o
LOAD Middlewares/Third_Party/FreeRTOS/Source/queue.o
LOAD Middlewares/Third_Party/FreeRTOS/Source/stream_buffer.o
LOAD Middlewares/Third_Party/FreeRTOS/Source/tasks.o
LOAD Middlewares/Third_Party/FreeRTOS/Source/timers.o
LOAD Middlewares/Third_Party/FreeRTOS/Source/portable/GCC/ARM_CM7/r0p1/port.o
LOAD Middlewares/Third_Party/FreeRTOS/Source/portable/MemMang/heap_4.o
START GROUP
LOAD /opt/st/stm32cubeide_1.5.1/plugins/com.st.stm32cube.ide.mcu.externaltools.gnu-tools-for-stm32.7-2018-q2-update.linux64_1.5.0.202011040924/tools/bin/../lib/gcc/arm-none-eabi/7.3.1/../../../../arm-none-eabi/lib/thumb/v7e-m/fpv4-sp/hard/libc_nano.a
LOAD /opt/st/stm32cubeide_1.5.1/plugins/com.st.stm32cube.ide.mcu.externaltools.gnu-tools-for-stm32.7-2018-q2-update.linux64_1.5.0.202011040924/tools/bin/../lib/gcc/arm-none-eabi/7.3.1/../../../../arm-none-eabi/lib/thumb/v7e-m/fpv4-sp/hard/libm.a
END GROUP
START GROUP
LOAD /opt/st/stm32cubeide_1.5.1/plugins/com.st.stm32cube.ide.mcu.externaltools.gnu-tools-for-stm32.7-2018-q2-update.linux64_1.5.0.202011040924/tools/bin/../lib/gcc/arm-none-eabi/7.3.1/thumb/v7e-m/fpv4-sp/hard/libgcc.a
LOAD /opt/st/stm32cubeide_1.5.1/plugins/com.st.stm32cube.ide.mcu.externaltools.gnu-tools-for-stm32.7-2018-q2-update.linux64_1.5.0.202011040924/tools/bin/../lib/gcc/arm-none-eabi/7.3.1/../../../../arm-none-eabi/lib/thumb/v7e-m/fpv4-sp/hard/libc_nano.a
END GROUP
START GROUP
LOAD /opt/st/stm32cubeide_1.5.1/plugins/com.st.stm32cube.ide.mcu.externaltools.gnu-tools-for-stm32.7-2018-q2-update.linux64_1.5.0.202011040924/tools/bin/../lib/gcc/arm-none-eabi/7.3.1/thumb/v7e-m/fpv4-sp/hard/libgcc.a
LOAD /opt/st/stm32cubeide_1.5.1/plugins/com.st.stm32cube.ide.mcu.externaltools.gnu-tools-for-stm32.7-2018-q2-update.linux64_1.5.0.202011040924/tools/bin/../lib/gcc/arm-none-eabi/7.3.1/../../../../arm-none-eabi/lib/thumb/v7e-m/fpv4-sp/hard/libc_nano.a
LOAD /opt/st/stm32cubeide_1.5.1/plugins/com.st.stm32cube.ide.mcu.externaltools.gnu-tools-for-stm32.7-2018-q2-update.linux64_1.5.0.202011040924/tools/bin/../lib/gcc/arm-none-eabi/7.3.1/../../../../arm-none-eabi/lib/thumb/v7e-m/fpv4-sp/hard/libnosys.a
END GROUP
START GROUP
LOAD /opt/st/stm32cubeide_1.5.1/plugins/com.st.stm32cube.ide.mcu.externaltools.gnu-tools-for-stm32.7-2018-q2-update.linux64_1.5.0.202011040924/tools/bin/../lib/gcc/arm-none-eabi/7.3.1/thumb/v7e-m/fpv4-sp/hard/libgcc.a
LOAD /opt/st/stm32cubeide_1.5.1/plugins/com.st.stm32cube.ide.mcu.externaltools.gnu-tools-for-stm32.7-2018-q2-update.linux64_1.5.0.202011040924/tools/bin/../lib/gcc/arm-none-eabi/7.3.1/../../../../arm-none-eabi/lib/thumb/v7e-m/fpv4-sp/hard/libc_nano.a
LOAD /opt/st/stm32cubeide_1.5.1/plugins/com.st.stm32cube.ide.mcu.externaltools.gnu-tools-for-stm32.7-2018-q2-update.linux64_1.5.0.202011040924/tools/bin/../lib/gcc/arm-none-eabi/7.3.1/../../../../arm-none-eabi/lib/thumb/v7e-m/fpv4-sp/hard/libnosys.a
END GROUP
LOAD /opt/st/stm32cubeide_1.5.1/plugins/com.st.stm32cube.ide.mcu.externaltools.gnu-tools-for-stm32.7-2018-q2-update.linux64_1.5.0.202011040924/tools/bin/../lib/gcc/arm-none-eabi/7.3.1/thumb/v7e-m/fpv4-sp/hard/crtend.o
LOAD /opt/st/stm32cubeide_1.5.1/plugins/com.st.stm32cube.ide.mcu.externaltools.gnu-tools-for-stm32.7-2018-q2-update.linux64_1.5.0.202011040924/tools/bin/../lib/gcc/arm-none-eabi/7.3.1/thumb/v7e-m/fpv4-sp/hard/crtn.o
                0x0000000020050000                _estack = (ORIGIN (RAM) + LENGTH (RAM))
                0x0000000000000200                _Min_Heap_Size = 0x200
                0x0000000000000400                _Min_Stack_Size = 0x400

.isr_vector     0x0000000008000000      0x1c8
                0x0000000008000000                . = ALIGN (0x4)
 *(.isr_vector)
 .isr_vector    0x0000000008000000      0x1c8 Core/Startup/startup_stm32f746nghx.o
                0x0000000008000000                g_pfnVectors
                0x00000000080001c8                . = ALIGN (0x4)

.text           0x00000000080001d0     0xc210
                0x00000000080001d0                . = ALIGN (0x4)
 *(.text)
 .text          0x00000000080001d0       0x40 /opt/st/stm32cubeide_1.5.1/plugins/com.st.stm32cube.ide.mcu.externaltools.gnu-tools-for-stm32.7-2018-q2-update.linux64_1.5.0.202011040924/tools/bin/../lib/gcc/arm-none-eabi/7.3.1/thumb/v7e-m/fpv4-sp/hard/crtbegin.o
 .text          0x0000000008000210       0xa0 /opt/st/stm32cubeide_1.5.1/plugins/com.st.stm32cube.ide.mcu.externaltools.gnu-tools-for-stm32.7-2018-q2-update.linux64_1.5.0.202011040924/tools/bin/../lib/gcc/arm-none-eabi/7.3.1/../../../../arm-none-eabi/lib/thumb/v7e-m/fpv4-sp/hard/libc_nano.a(lib_a-memchr.o)
                0x0000000008000210                memchr
 .text          0x00000000080002b0       0x30 /opt/st/stm32cubeide_1.5.1/plugins/com.st.stm32cube.ide.mcu.externaltools.gnu-tools-for-stm32.7-2018-q2-update.linux64_1.5.0.202011040924/tools/bin/../lib/gcc/arm-none-eabi/7.3.1/thumb/v7e-m/fpv4-sp/hard/libgcc.a(_aeabi_uldivmod.o)
                0x00000000080002b0                __aeabi_uldivmod
 .text          0x00000000080002e0      0x2cc /opt/st/stm32cubeide_1.5.1/plugins/com.st.stm32cube.ide.mcu.externaltools.gnu-tools-for-stm32.7-2018-q2-update.linux64_1.5.0.202011040924/tools/bin/../lib/gcc/arm-none-eabi/7.3.1/thumb/v7e-m/fpv4-sp/hard/libgcc.a(_udivmoddi4.o)
                0x00000000080002e0                __udivmoddi4
 .text          0x00000000080005ac        0x4 /opt/st/stm32cubeide_1.5.1/plugins/com.st.stm32cube.ide.mcu.externaltools.gnu-tools-for-stm32.7-2018-q2-update.linux64_1.5.0.202011040924/tools/bin/../lib/gcc/arm-none-eabi/7.3.1/thumb/v7e-m/fpv4-sp/hard/libgcc.a(_dvmd_tls.o)
                0x00000000080005ac                __aeabi_ldiv0
                0x00000000080005ac                __aeabi_idiv0
 *(.text*)
 .text.vApplicationStackOverflowHook
                0x00000000080005b0       0x16 Core/Src/freertos.o
                0x00000000080005b0                vApplicationStackOverflowHook
 .text.vApplicationMallocFailedHook
                0x00000000080005c6        0xe Core/Src/freertos.o
                0x00000000080005c6                vApplicationMallocFailedHook
 .text.ft5336_Init
                0x00000000080005d4       0x1c Core/Src/ft5336.o
                0x00000000080005d4                ft5336_Init
 .text.ft5336_Reset
                0x00000000080005f0       0x16 Core/Src/ft5336.o
                0x00000000080005f0                ft5336_Reset
 .text.ft5336_ReadID
                0x0000000008000606       0x5c Core/Src/ft5336.o
                0x0000000008000606                ft5336_ReadID
 .text.ft5336_TS_Start
                0x0000000008000662       0x22 Core/Src/ft5336.o
                0x0000000008000662                ft5336_TS_Start
 .text.ft5336_TS_DetectTouch
                0x0000000008000684       0x54 Core/Src/ft5336.o
                0x0000000008000684                ft5336_TS_DetectTouch
 .text.ft5336_TS_GetXY
                0x00000000080006d8      0x1e0 Core/Src/ft5336.o
                0x00000000080006d8                ft5336_TS_GetXY
 .text.ft5336_TS_EnableIT
                0x00000000080008b8       0x28 Core/Src/ft5336.o
                0x00000000080008b8                ft5336_TS_EnableIT
 .text.ft5336_TS_DisableIT
                0x00000000080008e0       0x28 Core/Src/ft5336.o
                0x00000000080008e0                ft5336_TS_DisableIT
 .text.ft5336_TS_ITStatus
                0x0000000008000908       0x18 Core/Src/ft5336.o
                0x0000000008000908                ft5336_TS_ITStatus
 .text.ft5336_TS_ClearIT
                0x0000000008000920       0x16 Core/Src/ft5336.o
                0x0000000008000920                ft5336_TS_ClearIT
 .text.ft5336_TS_GetGestureID
                0x0000000008000936       0x32 Core/Src/ft5336.o
                0x0000000008000936                ft5336_TS_GetGestureID
 .text.ft5336_TS_GetTouchInfo
                0x0000000008000968      0x15c Core/Src/ft5336.o
                0x0000000008000968                ft5336_TS_GetTouchInfo
 .text.ft5336_Get_I2C_InitializedStatus
                0x0000000008000ac4       0x18 Core/Src/ft5336.o
 .text.ft5336_I2C_InitializeIfRequired
                0x0000000008000adc       0x20 Core/Src/ft5336.o
 .text.ft5336_TS_Configure
                0x0000000008000afc       0x1c Core/Src/ft5336.o
 .text.main     0x0000000008000b18      0x27c Core/Src/main.o
                0x0000000008000b18                main
 .text.SystemClock_Config
                0x0000000008000d94      0x160 Core/Src/main.o
                0x0000000008000d94                SystemClock_Config
 .text.MX_ADC1_Init
                0x0000000008000ef4       0xa4 Core/Src/main.o
 .text.MX_ADC3_Init
                0x0000000008000f98       0xa4 Core/Src/main.o
 .text.MX_DAC_Init
                0x000000000800103c       0x54 Core/Src/main.o
 .text.MX_DMA2D_Init
                0x0000000008001090       0x64 Core/Src/main.o
 .text.MX_I2C1_Init
                0x00000000080010f4       0x80 Core/Src/main.o
 .text.MX_I2C3_Init
                0x0000000008001174       0x80 Core/Src/main.o
 .text.MX_LTDC_Init
                0x00000000080011f4      0x104 Core/Src/main.o
 .text.MX_RTC_Init
                0x00000000080012f8      0x14c Core/Src/main.o
 .text.MX_SPI2_Init
                0x0000000008001444       0x7c Core/Src/main.o
 .text.MX_TIM1_Init
                0x00000000080014c0       0xa8 Core/Src/main.o
 .text.MX_TIM2_Init
                0x0000000008001568       0x9c Core/Src/main.o
 .text.MX_TIM3_Init
                0x0000000008001604      0x11c Core/Src/main.o
 .text.MX_TIM5_Init
                0x0000000008001720       0x9c Core/Src/main.o
 .text.MX_TIM8_Init
                0x00000000080017bc      0x154 Core/Src/main.o
 .text.MX_UART7_Init
                0x0000000008001910       0x60 Core/Src/main.o
 .text.MX_USART1_UART_Init
                0x0000000008001970       0x60 Core/Src/main.o
 .text.MX_USART6_UART_Init
                0x00000000080019d0       0x60 Core/Src/main.o
 .text.MX_FMC_Init
                0x0000000008001a30       0x9c Core/Src/main.o
 .text.MX_GPIO_Init
                0x0000000008001acc      0x3d8 Core/Src/main.o
 .text.StartDefaultTask
                0x0000000008001ea4       0x10 Core/Src/main.o
                0x0000000008001ea4                StartDefaultTask
 .text.HAL_TIM_PeriodElapsedCallback
                0x0000000008001eb4       0x24 Core/Src/main.o
                0x0000000008001eb4                HAL_TIM_PeriodElapsedCallback
 .text.Error_Handler
                0x0000000008001ed8        0x8 Core/Src/main.o
                0x0000000008001ed8                Error_Handler
 .text.I2Cx_MspInit
                0x0000000008001ee0      0x160 Core/Src/stm32746g_discovery.o
 .text.I2Cx_Init
                0x0000000008002040       0x78 Core/Src/stm32746g_discovery.o
 .text.I2Cx_ReadMultiple
                0x00000000080020b8       0x5a Core/Src/stm32746g_discovery.o
 .text.I2Cx_WriteMultiple
                0x0000000008002112       0x5a Core/Src/stm32746g_discovery.o
 .text.I2Cx_Error
                0x000000000800216c       0x20 Core/Src/stm32746g_discovery.o
 .text.TS_IO_Init
                0x000000000800218c       0x14 Core/Src/stm32746g_discovery.o
                0x000000000800218c                TS_IO_Init
 .text.TS_IO_Write
                0x00000000080021a0       0x34 Core/Src/stm32746g_discovery.o
                0x00000000080021a0                TS_IO_Write
 .text.TS_IO_Read
                0x00000000080021d4       0x3c Core/Src/stm32746g_discovery.o
                0x00000000080021d4                TS_IO_Read
 .text.TS_IO_Delay
                0x0000000008002210       0x16 Core/Src/stm32746g_discovery.o
                0x0000000008002210                TS_IO_Delay
 *fill*         0x0000000008002226        0x2 
 .text.BSP_LCD_Init
                0x0000000008002228       0xe0 Core/Src/stm32746g_discovery_lcd.o
                0x0000000008002228                BSP_LCD_Init
 .text.BSP_LCD_GetXSize
                0x0000000008002308       0x28 Core/Src/stm32746g_discovery_lcd.o
                0x0000000008002308                BSP_LCD_GetXSize
 .text.BSP_LCD_GetYSize
                0x0000000008002330       0x28 Core/Src/stm32746g_discovery_lcd.o
                0x0000000008002330                BSP_LCD_GetYSize
 .text.BSP_LCD_LayerDefaultInit
                0x0000000008002358       0xc0 Core/Src/stm32746g_discovery_lcd.o
                0x0000000008002358                BSP_LCD_LayerDefaultInit
 .text.BSP_LCD_SelectLayer
                0x0000000008002418       0x20 Core/Src/stm32746g_discovery_lcd.o
                0x0000000008002418                BSP_LCD_SelectLayer
 .text.BSP_LCD_SetTextColor
                0x0000000008002438       0x30 Core/Src/stm32746g_discovery_lcd.o
                0x0000000008002438                BSP_LCD_SetTextColor
 .text.BSP_LCD_SetBackColor
                0x0000000008002468       0x34 Core/Src/stm32746g_discovery_lcd.o
                0x0000000008002468                BSP_LCD_SetBackColor
 .text.BSP_LCD_SetFont
                0x000000000800249c       0x34 Core/Src/stm32746g_discovery_lcd.o
                0x000000000800249c                BSP_LCD_SetFont
 .text.BSP_LCD_GetFont
                0x00000000080024d0       0x2c Core/Src/stm32746g_discovery_lcd.o
                0x00000000080024d0                BSP_LCD_GetFont
 .text.BSP_LCD_Clear
                0x00000000080024fc       0x50 Core/Src/stm32746g_discovery_lcd.o
                0x00000000080024fc                BSP_LCD_Clear
 .text.BSP_LCD_DisplayChar
                0x000000000800254c       0x88 Core/Src/stm32746g_discovery_lcd.o
                0x000000000800254c                BSP_LCD_DisplayChar
 .text.BSP_LCD_DisplayStringAt
                0x00000000080025d4      0x188 Core/Src/stm32746g_discovery_lcd.o
                0x00000000080025d4                BSP_LCD_DisplayStringAt
 .text.BSP_LCD_DisplayStringAtLine
                0x000000000800275c       0x2e Core/Src/stm32746g_discovery_lcd.o
                0x000000000800275c                BSP_LCD_DisplayStringAtLine
 *fill*         0x000000000800278a        0x2 
 .text.BSP_LCD_DrawHLine
                0x000000000800278c       0xbc Core/Src/stm32746g_discovery_lcd.o
                0x000000000800278c                BSP_LCD_DrawHLine
 .text.BSP_LCD_DrawCircle
                0x0000000008002848      0x1e0 Core/Src/stm32746g_discovery_lcd.o
                0x0000000008002848                BSP_LCD_DrawCircle
 .text.BSP_LCD_DrawPixel
                0x0000000008002a28       0x90 Core/Src/stm32746g_discovery_lcd.o
                0x0000000008002a28                BSP_LCD_DrawPixel
 .text.BSP_LCD_FillCircle
                0x0000000008002ab8      0x140 Core/Src/stm32746g_discovery_lcd.o
                0x0000000008002ab8                BSP_LCD_FillCircle
 .text.BSP_LCD_DisplayOn
                0x0000000008002bf8       0x3c Core/Src/stm32746g_discovery_lcd.o
                0x0000000008002bf8                BSP_LCD_DisplayOn
 .text.BSP_LCD_MspInit
                0x0000000008002c34      0x1b4 Core/Src/stm32746g_discovery_lcd.o
                0x0000000008002c34                BSP_LCD_MspInit
 .text.BSP_LCD_ClockConfig
                0x0000000008002de8       0x38 Core/Src/stm32746g_discovery_lcd.o
                0x0000000008002de8                BSP_LCD_ClockConfig
 .text.DrawChar
                0x0000000008002e20      0x170 Core/Src/stm32746g_discovery_lcd.o
 .text.LL_FillBuffer
                0x0000000008002f90       0x98 Core/Src/stm32746g_discovery_lcd.o
 .text.BSP_SDRAM_Init
                0x0000000008003028       0xbc Core/Src/stm32746g_discovery_sdram.o
                0x0000000008003028                BSP_SDRAM_Init
 .text.BSP_SDRAM_Initialization_sequence
                0x00000000080030e4       0xc0 Core/Src/stm32746g_discovery_sdram.o
                0x00000000080030e4                BSP_SDRAM_Initialization_sequence
 .text.BSP_SDRAM_MspInit
                0x00000000080031a4      0x1f0 Core/Src/stm32746g_discovery_sdram.o
                0x00000000080031a4                BSP_SDRAM_MspInit
 .text.BSP_TS_Init
                0x0000000008003394       0x80 Core/Src/stm32746g_discovery_ts.o
                0x0000000008003394                BSP_TS_Init
 .text.BSP_TS_GetState
                0x0000000008003414      0x3ac Core/Src/stm32746g_discovery_ts.o
                0x0000000008003414                BSP_TS_GetState
 .text.BSP_TS_Get_GestureId
                0x00000000080037c0       0x94 Core/Src/stm32746g_discovery_ts.o
                0x00000000080037c0                BSP_TS_Get_GestureId
 .text.HAL_MspInit
                0x0000000008003854       0x50 Core/Src/stm32f7xx_hal_msp.o
                0x0000000008003854                HAL_MspInit
 .text.HAL_ADC_MspInit
                0x00000000080038a4       0xdc Core/Src/stm32f7xx_hal_msp.o
                0x00000000080038a4                HAL_ADC_MspInit
 .text.HAL_DAC_MspInit
                0x0000000008003980       0x90 Core/Src/stm32f7xx_hal_msp.o
                0x0000000008003980                HAL_DAC_MspInit
 .text.HAL_DMA2D_MspInit
                0x0000000008003a10       0x40 Core/Src/stm32f7xx_hal_msp.o
                0x0000000008003a10                HAL_DMA2D_MspInit
 .text.HAL_I2C_MspInit
                0x0000000008003a50       0xf0 Core/Src/stm32f7xx_hal_msp.o
                0x0000000008003a50                HAL_I2C_MspInit
 .text.HAL_I2C_MspDeInit
                0x0000000008003b40       0x78 Core/Src/stm32f7xx_hal_msp.o
                0x0000000008003b40                HAL_I2C_MspDeInit
 .text.HAL_LTDC_MspInit
                0x0000000008003bb8      0x190 Core/Src/stm32f7xx_hal_msp.o
                0x0000000008003bb8                HAL_LTDC_MspInit
 .text.HAL_RTC_MspInit
                0x0000000008003d48       0x34 Core/Src/stm32f7xx_hal_msp.o
                0x0000000008003d48                HAL_RTC_MspInit
 .text.HAL_SPI_MspInit
                0x0000000008003d7c       0xe4 Core/Src/stm32f7xx_hal_msp.o
                0x0000000008003d7c                HAL_SPI_MspInit
 .text.HAL_TIM_Base_MspInit
                0x0000000008003e60       0xdc Core/Src/stm32f7xx_hal_msp.o
                0x0000000008003e60                HAL_TIM_Base_MspInit
 .text.HAL_TIM_MspPostInit
                0x0000000008003f3c       0xbc Core/Src/stm32f7xx_hal_msp.o
                0x0000000008003f3c                HAL_TIM_MspPostInit
 .text.HAL_UART_MspInit
                0x0000000008003ff8      0x18c Core/Src/stm32f7xx_hal_msp.o
                0x0000000008003ff8                HAL_UART_MspInit
 .text.HAL_FMC_MspInit
                0x0000000008004184      0x120 Core/Src/stm32f7xx_hal_msp.o
 .text.HAL_SDRAM_MspInit
                0x00000000080042a4       0x14 Core/Src/stm32f7xx_hal_msp.o
                0x00000000080042a4                HAL_SDRAM_MspInit
 .text.HAL_InitTick
                0x00000000080042b8       0xb0 Core/Src/stm32f7xx_hal_timebase_tim.o
                0x00000000080042b8                HAL_InitTick
 .text.NMI_Handler
                0x0000000008004368        0x6 Core/Src/stm32f7xx_it.o
                0x0000000008004368                NMI_Handler
 .text.HardFault_Handler
                0x000000000800436e        0x6 Core/Src/stm32f7xx_it.o
                0x000000000800436e                HardFault_Handler
 .text.MemManage_Handler
                0x0000000008004374        0x6 Core/Src/stm32f7xx_it.o
                0x0000000008004374                MemManage_Handler
 .text.BusFault_Handler
                0x000000000800437a        0x6 Core/Src/stm32f7xx_it.o
                0x000000000800437a                BusFault_Handler
 .text.UsageFault_Handler
                0x0000000008004380        0x6 Core/Src/stm32f7xx_it.o
                0x0000000008004380                UsageFault_Handler
 .text.DebugMon_Handler
                0x0000000008004386        0xe Core/Src/stm32f7xx_it.o
                0x0000000008004386                DebugMon_Handler
 .text.TIM6_DAC_IRQHandler
                0x0000000008004394       0x1c Core/Src/stm32f7xx_it.o
                0x0000000008004394                TIM6_DAC_IRQHandler
 .text.LTDC_IRQHandler
                0x00000000080043b0       0x14 Core/Src/stm32f7xx_it.o
                0x00000000080043b0                LTDC_IRQHandler
 .text._sbrk    0x00000000080043c4       0x6c Core/Src/sysmem.o
                0x00000000080043c4                _sbrk
 .text.SystemInit
                0x0000000008004430       0x2c Core/Src/system_stm32f7xx.o
                0x0000000008004430                SystemInit
 .text.Reset_Handler
                0x000000000800445c       0x50 Core/Startup/startup_stm32f746nghx.o
                0x000000000800445c                Reset_Handler
 .text.Default_Handler
                0x00000000080044ac        0x2 Core/Startup/startup_stm32f746nghx.o
                0x00000000080044ac                RTC_Alarm_IRQHandler
                0x00000000080044ac                EXTI2_IRQHandler
                0x00000000080044ac                TIM8_CC_IRQHandler
                0x00000000080044ac                UART8_IRQHandler
                0x00000000080044ac                SPI4_IRQHandler
                0x00000000080044ac                TIM1_CC_IRQHandler
                0x00000000080044ac                DMA2_Stream5_IRQHandler
                0x00000000080044ac                DMA1_Stream5_IRQHandler
                0x00000000080044ac                PVD_IRQHandler
                0x00000000080044ac                TAMP_STAMP_IRQHandler
                0x00000000080044ac                CAN2_RX1_IRQHandler
                0x00000000080044ac                EXTI3_IRQHandler
                0x00000000080044ac                TIM8_TRG_COM_TIM14_IRQHandler
                0x00000000080044ac                TIM1_UP_TIM10_IRQHandler
                0x00000000080044ac                TIM8_UP_TIM13_IRQHandler
                0x00000000080044ac                I2C3_ER_IRQHandler
                0x00000000080044ac                EXTI0_IRQHandler
                0x00000000080044ac                I2C2_EV_IRQHandler
                0x00000000080044ac                DMA1_Stream2_IRQHandler
                0x00000000080044ac                CAN1_RX0_IRQHandler
                0x00000000080044ac                FPU_IRQHandler
                0x00000000080044ac                OTG_HS_WKUP_IRQHandler
                0x00000000080044ac                LTDC_ER_IRQHandler
                0x00000000080044ac                CAN2_SCE_IRQHandler
                0x00000000080044ac                DMA2_Stream2_IRQHandler
                0x00000000080044ac                SPI1_IRQHandler
                0x00000000080044ac                TIM1_BRK_TIM9_IRQHandler
                0x00000000080044ac                DCMI_IRQHandler
                0x00000000080044ac                CAN2_RX0_IRQHandler
                0x00000000080044ac                DMA2_Stream3_IRQHandler
                0x00000000080044ac                SAI2_IRQHandler
                0x00000000080044ac                USART6_IRQHandler
                0x00000000080044ac                USART3_IRQHandler
                0x00000000080044ac                CAN1_RX1_IRQHandler
                0x00000000080044ac                UART5_IRQHandler
                0x00000000080044ac                DMA2_Stream0_IRQHandler
                0x00000000080044ac                TIM4_IRQHandler
                0x00000000080044ac                QUADSPI_IRQHandler
                0x00000000080044ac                I2C1_EV_IRQHandler
                0x00000000080044ac                DMA1_Stream6_IRQHandler
                0x00000000080044ac                DMA1_Stream1_IRQHandler
                0x00000000080044ac                UART4_IRQHandler
                0x00000000080044ac                TIM3_IRQHandler
                0x00000000080044ac                RCC_IRQHandler
                0x00000000080044ac                TIM8_BRK_TIM12_IRQHandler
                0x00000000080044ac                Default_Handler
                0x00000000080044ac                CEC_IRQHandler
                0x00000000080044ac                EXTI15_10_IRQHandler
                0x00000000080044ac                ADC_IRQHandler
                0x00000000080044ac                DMA1_Stream7_IRQHandler
                0x00000000080044ac                SPI5_IRQHandler
                0x00000000080044ac                TIM7_IRQHandler
                0x00000000080044ac                SDMMC1_IRQHandler
                0x00000000080044ac                CAN2_TX_IRQHandler
                0x00000000080044ac                TIM5_IRQHandler
                0x00000000080044ac                DMA2_Stream7_IRQHandler
                0x00000000080044ac                I2C3_EV_IRQHandler
                0x00000000080044ac                EXTI9_5_IRQHandler
                0x00000000080044ac                RTC_WKUP_IRQHandler
                0x00000000080044ac                ETH_WKUP_IRQHandler
                0x00000000080044ac                SPDIF_RX_IRQHandler
                0x00000000080044ac                SPI2_IRQHandler
                0x00000000080044ac                OTG_HS_EP1_IN_IRQHandler
                0x00000000080044ac                DMA1_Stream0_IRQHandler
                0x00000000080044ac                CAN1_TX_IRQHandler
                0x00000000080044ac                EXTI4_IRQHandler
                0x00000000080044ac                RNG_IRQHandler
                0x00000000080044ac                ETH_IRQHandler
                0x00000000080044ac                OTG_HS_EP1_OUT_IRQHandler
                0x00000000080044ac                WWDG_IRQHandler
                0x00000000080044ac                SPI6_IRQHandler
                0x00000000080044ac                I2C4_EV_IRQHandler
                0x00000000080044ac                TIM2_IRQHandler
                0x00000000080044ac                OTG_FS_WKUP_IRQHandler
                0x00000000080044ac                TIM1_TRG_COM_TIM11_IRQHandler
                0x00000000080044ac                OTG_HS_IRQHandler
                0x00000000080044ac                DMA2D_IRQHandler
                0x00000000080044ac                EXTI1_IRQHandler
                0x00000000080044ac                UART7_IRQHandler
                0x00000000080044ac                USART2_IRQHandler
                0x00000000080044ac                I2C2_ER_IRQHandler
                0x00000000080044ac                DMA2_Stream1_IRQHandler
                0x00000000080044ac                CAN1_SCE_IRQHandler
                0x00000000080044ac                FLASH_IRQHandler
                0x00000000080044ac                DMA2_Stream4_IRQHandler
                0x00000000080044ac                USART1_IRQHandler
                0x00000000080044ac                OTG_FS_IRQHandler
                0x00000000080044ac                SPI3_IRQHandler
                0x00000000080044ac                DMA1_Stream4_IRQHandler
                0x00000000080044ac                I2C1_ER_IRQHandler
                0x00000000080044ac                FMC_IRQHandler
                0x00000000080044ac                LPTIM1_IRQHandler
                0x00000000080044ac                I2C4_ER_IRQHandler
                0x00000000080044ac                DMA2_Stream6_IRQHandler
                0x00000000080044ac                SAI1_IRQHandler
                0x00000000080044ac                DMA1_Stream3_IRQHandler
 .text.HAL_Init
                0x00000000080044ae       0x1a Drivers/STM32F7xx_HAL_Driver/Src/stm32f7xx_hal.o
                0x00000000080044ae                HAL_Init
 .text.HAL_IncTick
                0x00000000080044c8       0x28 Drivers/STM32F7xx_HAL_Driver/Src/stm32f7xx_hal.o
                0x00000000080044c8                HAL_IncTick
 .text.HAL_GetTick
                0x00000000080044f0       0x18 Drivers/STM32F7xx_HAL_Driver/Src/stm32f7xx_hal.o
                0x00000000080044f0                HAL_GetTick
 .text.HAL_Delay
                0x0000000008004508       0x44 Drivers/STM32F7xx_HAL_Driver/Src/stm32f7xx_hal.o
                0x0000000008004508                HAL_Delay
 .text.HAL_ADC_Init
                0x000000000800454c       0x88 Drivers/STM32F7xx_HAL_Driver/Src/stm32f7xx_hal_adc.o
                0x000000000800454c                HAL_ADC_Init
 .text.HAL_ADC_Start
                0x00000000080045d4      0x180 Drivers/STM32F7xx_HAL_Driver/Src/stm32f7xx_hal_adc.o
                0x00000000080045d4                HAL_ADC_Start
 .text.HAL_ADC_PollForConversion
                0x0000000008004754      0x108 Drivers/STM32F7xx_HAL_Driver/Src/stm32f7xx_hal_adc.o
                0x0000000008004754                HAL_ADC_PollForConversion
 .text.HAL_ADC_GetValue
                0x000000000800485c       0x1a Drivers/STM32F7xx_HAL_Driver/Src/stm32f7xx_hal_adc.o
                0x000000000800485c                HAL_ADC_GetValue
 *fill*         0x0000000008004876        0x2 
 .text.HAL_ADC_ConfigChannel
                0x0000000008004878      0x294 Drivers/STM32F7xx_HAL_Driver/Src/stm32f7xx_hal_adc.o
                0x0000000008004878                HAL_ADC_ConfigChannel
 .text.ADC_Init
                0x0000000008004b0c      0x1f4 Drivers/STM32F7xx_HAL_Driver/Src/stm32f7xx_hal_adc.o
 .text.__NVIC_SetPriorityGrouping
                0x0000000008004d00       0x48 Drivers/STM32F7xx_HAL_Driver/Src/stm32f7xx_hal_cortex.o
 .text.__NVIC_GetPriorityGrouping
                0x0000000008004d48       0x1c Drivers/STM32F7xx_HAL_Driver/Src/stm32f7xx_hal_cortex.o
 .text.__NVIC_EnableIRQ
                0x0000000008004d64       0x3c Drivers/STM32F7xx_HAL_Driver/Src/stm32f7xx_hal_cortex.o
 .text.__NVIC_SetPriority
                0x0000000008004da0       0x54 Drivers/STM32F7xx_HAL_Driver/Src/stm32f7xx_hal_cortex.o
 .text.NVIC_EncodePriority
                0x0000000008004df4       0x66 Drivers/STM32F7xx_HAL_Driver/Src/stm32f7xx_hal_cortex.o
 .text.HAL_NVIC_SetPriorityGrouping
                0x0000000008004e5a       0x16 Drivers/STM32F7xx_HAL_Driver/Src/stm32f7xx_hal_cortex.o
                0x0000000008004e5a                HAL_NVIC_SetPriorityGrouping
 .text.HAL_NVIC_SetPriority
                0x0000000008004e70       0x38 Drivers/STM32F7xx_HAL_Driver/Src/stm32f7xx_hal_cortex.o
                0x0000000008004e70                HAL_NVIC_SetPriority
 .text.HAL_NVIC_EnableIRQ
                0x0000000008004ea8       0x1c Drivers/STM32F7xx_HAL_Driver/Src/stm32f7xx_hal_cortex.o
                0x0000000008004ea8                HAL_NVIC_EnableIRQ
 .text.HAL_DAC_Init
                0x0000000008004ec4       0x44 Drivers/STM32F7xx_HAL_Driver/Src/stm32f7xx_hal_dac.o
                0x0000000008004ec4                HAL_DAC_Init
 .text.HAL_DAC_IRQHandler
                0x0000000008004f08       0x94 Drivers/STM32F7xx_HAL_Driver/Src/stm32f7xx_hal_dac.o
                0x0000000008004f08                HAL_DAC_IRQHandler
 .text.HAL_DAC_DMAUnderrunCallbackCh1
                0x0000000008004f9c       0x14 Drivers/STM32F7xx_HAL_Driver/Src/stm32f7xx_hal_dac.o
                0x0000000008004f9c                HAL_DAC_DMAUnderrunCallbackCh1
 .text.HAL_DAC_ConfigChannel
                0x0000000008004fb0       0x9a Drivers/STM32F7xx_HAL_Driver/Src/stm32f7xx_hal_dac.o
                0x0000000008004fb0                HAL_DAC_ConfigChannel
 .text.HAL_DACEx_DMAUnderrunCallbackCh2
                0x000000000800504a       0x14 Drivers/STM32F7xx_HAL_Driver/Src/stm32f7xx_hal_dac_ex.o
                0x000000000800504a                HAL_DACEx_DMAUnderrunCallbackCh2
 *fill*         0x000000000800505e        0x2 
 .text.HAL_DMA_Init
                0x0000000008005060      0x15c Drivers/STM32F7xx_HAL_Driver/Src/stm32f7xx_hal_dma.o
                0x0000000008005060                HAL_DMA_Init
 .text.HAL_DMA_DeInit
                0x00000000080051bc       0xbc Drivers/STM32F7xx_HAL_Driver/Src/stm32f7xx_hal_dma.o
                0x00000000080051bc                HAL_DMA_DeInit
 .text.DMA_CalcBaseAndBitshift
                0x0000000008005278       0x6c Drivers/STM32F7xx_HAL_Driver/Src/stm32f7xx_hal_dma.o
 .text.DMA_CheckFifoParam
                0x00000000080052e4       0xf4 Drivers/STM32F7xx_HAL_Driver/Src/stm32f7xx_hal_dma.o
 .text.HAL_DMA2D_Init
                0x00000000080053d8       0x94 Drivers/STM32F7xx_HAL_Driver/Src/stm32f7xx_hal_dma2d.o
                0x00000000080053d8                HAL_DMA2D_Init
 .text.HAL_DMA2D_Start
                0x000000000800546c       0x56 Drivers/STM32F7xx_HAL_Driver/Src/stm32f7xx_hal_dma2d.o
                0x000000000800546c                HAL_DMA2D_Start
 .text.HAL_DMA2D_PollForTransfer
                0x00000000080054c2      0x1d2 Drivers/STM32F7xx_HAL_Driver/Src/stm32f7xx_hal_dma2d.o
                0x00000000080054c2                HAL_DMA2D_PollForTransfer
 .text.HAL_DMA2D_ConfigLayer
                0x0000000008005694      0x124 Drivers/STM32F7xx_HAL_Driver/Src/stm32f7xx_hal_dma2d.o
                0x0000000008005694                HAL_DMA2D_ConfigLayer
 .text.DMA2D_SetConfig
                0x00000000080057b8      0x138 Drivers/STM32F7xx_HAL_Driver/Src/stm32f7xx_hal_dma2d.o
 .text.HAL_GPIO_Init
                0x00000000080058f0      0x354 Drivers/STM32F7xx_HAL_Driver/Src/stm32f7xx_hal_gpio.o
                0x00000000080058f0                HAL_GPIO_Init
 .text.HAL_GPIO_DeInit
                0x0000000008005c44      0x214 Drivers/STM32F7xx_HAL_Driver/Src/stm32f7xx_hal_gpio.o
                0x0000000008005c44                HAL_GPIO_DeInit
 .text.HAL_GPIO_ReadPin
                0x0000000008005e58       0x30 Drivers/STM32F7xx_HAL_Driver/Src/stm32f7xx_hal_gpio.o
                0x0000000008005e58                HAL_GPIO_ReadPin
 .text.HAL_GPIO_WritePin
                0x0000000008005e88       0x32 Drivers/STM32F7xx_HAL_Driver/Src/stm32f7xx_hal_gpio.o
                0x0000000008005e88                HAL_GPIO_WritePin
 *fill*         0x0000000008005eba        0x2 
 .text.HAL_I2C_Init
                0x0000000008005ebc      0x120 Drivers/STM32F7xx_HAL_Driver/Src/stm32f7xx_hal_i2c.o
                0x0000000008005ebc                HAL_I2C_Init
 .text.HAL_I2C_DeInit
                0x0000000008005fdc       0x5e Drivers/STM32F7xx_HAL_Driver/Src/stm32f7xx_hal_i2c.o
                0x0000000008005fdc                HAL_I2C_DeInit
 *fill*         0x000000000800603a        0x2 
 .text.HAL_I2C_Mem_Write
                0x000000000800603c      0x228 Drivers/STM32F7xx_HAL_Driver/Src/stm32f7xx_hal_i2c.o
                0x000000000800603c                HAL_I2C_Mem_Write
 .text.HAL_I2C_Mem_Read
                0x0000000008006264      0x234 Drivers/STM32F7xx_HAL_Driver/Src/stm32f7xx_hal_i2c.o
                0x0000000008006264                HAL_I2C_Mem_Read
 .text.HAL_I2C_GetState
                0x0000000008006498       0x1c Drivers/STM32F7xx_HAL_Driver/Src/stm32f7xx_hal_i2c.o
                0x0000000008006498                HAL_I2C_GetState
 .text.I2C_RequestMemoryWrite
                0x00000000080064b4       0xa8 Drivers/STM32F7xx_HAL_Driver/Src/stm32f7xx_hal_i2c.o
 .text.I2C_RequestMemoryRead
                0x000000000800655c       0xa8 Drivers/STM32F7xx_HAL_Driver/Src/stm32f7xx_hal_i2c.o
 .text.I2C_Flush_TXDR
                0x0000000008006604       0x48 Drivers/STM32F7xx_HAL_Driver/Src/stm32f7xx_hal_i2c.o
 .text.I2C_WaitOnFlagUntilTimeout
                0x000000000800664c       0x80 Drivers/STM32F7xx_HAL_Driver/Src/stm32f7xx_hal_i2c.o
 .text.I2C_WaitOnTXISFlagUntilTimeout
                0x00000000080066cc       0x80 Drivers/STM32F7xx_HAL_Driver/Src/stm32f7xx_hal_i2c.o
 .text.I2C_WaitOnSTOPFlagUntilTimeout
                0x000000000800674c       0x78 Drivers/STM32F7xx_HAL_Driver/Src/stm32f7xx_hal_i2c.o
 .text.I2C_IsAcknowledgeFailed
                0x00000000080067c4       0xcc Drivers/STM32F7xx_HAL_Driver/Src/stm32f7xx_hal_i2c.o
 .text.I2C_TransferConfig
                0x0000000008006890       0x5c Drivers/STM32F7xx_HAL_Driver/Src/stm32f7xx_hal_i2c.o
 .text.HAL_I2CEx_ConfigAnalogFilter
                0x00000000080068ec       0x96 Drivers/STM32F7xx_HAL_Driver/Src/stm32f7xx_hal_i2c_ex.o
                0x00000000080068ec                HAL_I2CEx_ConfigAnalogFilter
 .text.HAL_I2CEx_ConfigDigitalFilter
                0x0000000008006982       0x98 Drivers/STM32F7xx_HAL_Driver/Src/stm32f7xx_hal_i2c_ex.o
                0x0000000008006982                HAL_I2CEx_ConfigDigitalFilter
 *fill*         0x0000000008006a1a        0x2 
 .text.HAL_LTDC_Init
                0x0000000008006a1c      0x1a0 Drivers/STM32F7xx_HAL_Driver/Src/stm32f7xx_hal_ltdc.o
                0x0000000008006a1c                HAL_LTDC_Init
 .text.HAL_LTDC_IRQHandler
                0x0000000008006bbc      0x148 Drivers/STM32F7xx_HAL_Driver/Src/stm32f7xx_hal_ltdc.o
                0x0000000008006bbc                HAL_LTDC_IRQHandler
 .text.HAL_LTDC_ErrorCallback
                0x0000000008006d04       0x14 Drivers/STM32F7xx_HAL_Driver/Src/stm32f7xx_hal_ltdc.o
                0x0000000008006d04                HAL_LTDC_ErrorCallback
 .text.HAL_LTDC_LineEventCallback
                0x0000000008006d18       0x14 Drivers/STM32F7xx_HAL_Driver/Src/stm32f7xx_hal_ltdc.o
                0x0000000008006d18                HAL_LTDC_LineEventCallback
 .text.HAL_LTDC_ReloadEventCallback
                0x0000000008006d2c       0x14 Drivers/STM32F7xx_HAL_Driver/Src/stm32f7xx_hal_ltdc.o
                0x0000000008006d2c                HAL_LTDC_ReloadEventCallback
 .text.HAL_LTDC_ConfigLayer
                0x0000000008006d40       0x7c Drivers/STM32F7xx_HAL_Driver/Src/stm32f7xx_hal_ltdc.o
                0x0000000008006d40                HAL_LTDC_ConfigLayer
 .text.HAL_LTDC_GetState
                0x0000000008006dbc       0x1c Drivers/STM32F7xx_HAL_Driver/Src/stm32f7xx_hal_ltdc.o
                0x0000000008006dbc                HAL_LTDC_GetState
 .text.LTDC_SetConfig
                0x0000000008006dd8      0x334 Drivers/STM32F7xx_HAL_Driver/Src/stm32f7xx_hal_ltdc.o
 .text.HAL_PWR_EnableBkUpAccess
                0x000000000800710c       0x20 Drivers/STM32F7xx_HAL_Driver/Src/stm32f7xx_hal_pwr.o
                0x000000000800710c                HAL_PWR_EnableBkUpAccess
 .text.HAL_PWREx_EnableOverDrive
                0x000000000800712c       0xa0 Drivers/STM32F7xx_HAL_Driver/Src/stm32f7xx_hal_pwr_ex.o
                0x000000000800712c                HAL_PWREx_EnableOverDrive
 .text.HAL_RCC_OscConfig
                0x00000000080071cc      0x548 Drivers/STM32F7xx_HAL_Driver/Src/stm32f7xx_hal_rcc.o
                0x00000000080071cc                HAL_RCC_OscConfig
 .text.HAL_RCC_ClockConfig
                0x0000000008007714      0x1d8 Drivers/STM32F7xx_HAL_Driver/Src/stm32f7xx_hal_rcc.o
                0x0000000008007714                HAL_RCC_ClockConfig
 .text.HAL_RCC_GetSysClockFreq
                0x00000000080078ec      0x164 Drivers/STM32F7xx_HAL_Driver/Src/stm32f7xx_hal_rcc.o
                0x00000000080078ec                HAL_RCC_GetSysClockFreq
 .text.HAL_RCC_GetHCLKFreq
                0x0000000008007a50       0x18 Drivers/STM32F7xx_HAL_Driver/Src/stm32f7xx_hal_rcc.o
                0x0000000008007a50                HAL_RCC_GetHCLKFreq
 .text.HAL_RCC_GetPCLK1Freq
                0x0000000008007a68       0x28 Drivers/STM32F7xx_HAL_Driver/Src/stm32f7xx_hal_rcc.o
                0x0000000008007a68                HAL_RCC_GetPCLK1Freq
 .text.HAL_RCC_GetPCLK2Freq
                0x0000000008007a90       0x28 Drivers/STM32F7xx_HAL_Driver/Src/stm32f7xx_hal_rcc.o
                0x0000000008007a90                HAL_RCC_GetPCLK2Freq
 .text.HAL_RCC_GetClockConfig
                0x0000000008007ab8       0x64 Drivers/STM32F7xx_HAL_Driver/Src/stm32f7xx_hal_rcc.o
                0x0000000008007ab8                HAL_RCC_GetClockConfig
 .text.HAL_RCCEx_PeriphCLKConfig
                0x0000000008007b1c      0x7dc Drivers/STM32F7xx_HAL_Driver/Src/stm32f7xx_hal_rcc_ex.o
                0x0000000008007b1c                HAL_RCCEx_PeriphCLKConfig
 .text.HAL_RTC_Init
                0x00000000080082f8       0xf8 Drivers/STM32F7xx_HAL_Driver/Src/stm32f7xx_hal_rtc.o
                0x00000000080082f8                HAL_RTC_Init
 .text.HAL_RTC_SetTime
                0x00000000080083f0      0x17c Drivers/STM32F7xx_HAL_Driver/Src/stm32f7xx_hal_rtc.o
                0x00000000080083f0                HAL_RTC_SetTime
 .text.HAL_RTC_SetDate
                0x000000000800856c      0x150 Drivers/STM32F7xx_HAL_Driver/Src/stm32f7xx_hal_rtc.o
                0x000000000800856c                HAL_RTC_SetDate
 .text.HAL_RTC_SetAlarm
                0x00000000080086bc      0x230 Drivers/STM32F7xx_HAL_Driver/Src/stm32f7xx_hal_rtc.o
                0x00000000080086bc                HAL_RTC_SetAlarm
 .text.HAL_RTC_WaitForSynchro
                0x00000000080088ec       0x50 Drivers/STM32F7xx_HAL_Driver/Src/stm32f7xx_hal_rtc.o
                0x00000000080088ec                HAL_RTC_WaitForSynchro
 .text.RTC_EnterInitMode
                0x000000000800893c       0x58 Drivers/STM32F7xx_HAL_Driver/Src/stm32f7xx_hal_rtc.o
                0x000000000800893c                RTC_EnterInitMode
 .text.RTC_ByteToBcd2
                0x0000000008008994       0x3c Drivers/STM32F7xx_HAL_Driver/Src/stm32f7xx_hal_rtc.o
                0x0000000008008994                RTC_ByteToBcd2
 .text.HAL_RTCEx_SetTimeStamp
                0x00000000080089d0       0xac Drivers/STM32F7xx_HAL_Driver/Src/stm32f7xx_hal_rtc_ex.o
                0x00000000080089d0                HAL_RTCEx_SetTimeStamp
 .text.HAL_SDRAM_Init
                0x0000000008008a7c       0x68 Drivers/STM32F7xx_HAL_Driver/Src/stm32f7xx_hal_sdram.o
                0x0000000008008a7c                HAL_SDRAM_Init
 .text.HAL_SDRAM_SendCommand
                0x0000000008008ae4       0x56 Drivers/STM32F7xx_HAL_Driver/Src/stm32f7xx_hal_sdram.o
                0x0000000008008ae4                HAL_SDRAM_SendCommand
 .text.HAL_SDRAM_ProgramRefreshRate
                0x0000000008008b3a       0x40 Drivers/STM32F7xx_HAL_Driver/Src/stm32f7xx_hal_sdram.o
                0x0000000008008b3a                HAL_SDRAM_ProgramRefreshRate
 .text.HAL_SPI_Init
                0x0000000008008b7a      0x124 Drivers/STM32F7xx_HAL_Driver/Src/stm32f7xx_hal_spi.o
                0x0000000008008b7a                HAL_SPI_Init
 .text.HAL_TIM_Base_Init
                0x0000000008008c9e       0x56 Drivers/STM32F7xx_HAL_Driver/Src/stm32f7xx_hal_tim.o
                0x0000000008008c9e                HAL_TIM_Base_Init
 .text.HAL_TIM_Base_Start_IT
                0x0000000008008cf4       0x54 Drivers/STM32F7xx_HAL_Driver/Src/stm32f7xx_hal_tim.o
                0x0000000008008cf4                HAL_TIM_Base_Start_IT
 .text.HAL_TIM_PWM_Init
                0x0000000008008d48       0x56 Drivers/STM32F7xx_HAL_Driver/Src/stm32f7xx_hal_tim.o
                0x0000000008008d48                HAL_TIM_PWM_Init
 .text.HAL_TIM_PWM_MspInit
                0x0000000008008d9e       0x14 Drivers/STM32F7xx_HAL_Driver/Src/stm32f7xx_hal_tim.o
                0x0000000008008d9e                HAL_TIM_PWM_MspInit
 .text.HAL_TIM_IRQHandler
                0x0000000008008db2      0x23e Drivers/STM32F7xx_HAL_Driver/Src/stm32f7xx_hal_tim.o
                0x0000000008008db2                HAL_TIM_IRQHandler
 .text.HAL_TIM_PWM_ConfigChannel
                0x0000000008008ff0      0x230 Drivers/STM32F7xx_HAL_Driver/Src/stm32f7xx_hal_tim.o
                0x0000000008008ff0                HAL_TIM_PWM_ConfigChannel
 .text.HAL_TIM_ConfigClockSource
                0x0000000008009220      0x174 Drivers/STM32F7xx_HAL_Driver/Src/stm32f7xx_hal_tim.o
                0x0000000008009220                HAL_TIM_ConfigClockSource
 .text.HAL_TIM_SlaveConfigSynchro
                0x0000000008009394       0x84 Drivers/STM32F7xx_HAL_Driver/Src/stm32f7xx_hal_tim.o
                0x0000000008009394                HAL_TIM_SlaveConfigSynchro
 .text.HAL_TIM_OC_DelayElapsedCallback
                0x0000000008009418       0x14 Drivers/STM32F7xx_HAL_Driver/Src/stm32f7xx_hal_tim.o
                0x0000000008009418                HAL_TIM_OC_DelayElapsedCallback
 .text.HAL_TIM_IC_CaptureCallback
                0x000000000800942c       0x14 Drivers/STM32F7xx_HAL_Driver/Src/stm32f7xx_hal_tim.o
                0x000000000800942c                HAL_TIM_IC_CaptureCallback
 .text.HAL_TIM_PWM_PulseFinishedCallback
                0x0000000008009440       0x14 Drivers/STM32F7xx_HAL_Driver/Src/stm32f7xx_hal_tim.o
                0x0000000008009440                HAL_TIM_PWM_PulseFinishedCallback
 .text.HAL_TIM_TriggerCallback
                0x0000000008009454       0x14 Drivers/STM32F7xx_HAL_Driver/Src/stm32f7xx_hal_tim.o
                0x0000000008009454                HAL_TIM_TriggerCallback
 .text.TIM_Base_SetConfig
                0x0000000008009468      0x140 Drivers/STM32F7xx_HAL_Driver/Src/stm32f7xx_hal_tim.o
                0x0000000008009468                TIM_Base_SetConfig
 .text.TIM_OC1_SetConfig
                0x00000000080095a8       0xe4 Drivers/STM32F7xx_HAL_Driver/Src/stm32f7xx_hal_tim.o
 .text.TIM_OC2_SetConfig
                0x000000000800968c       0xf0 Drivers/STM32F7xx_HAL_Driver/Src/stm32f7xx_hal_tim.o
                0x000000000800968c                TIM_OC2_SetConfig
 .text.TIM_OC3_SetConfig
                0x000000000800977c       0xec Drivers/STM32F7xx_HAL_Driver/Src/stm32f7xx_hal_tim.o
 .text.TIM_OC4_SetConfig
                0x0000000008009868       0xb0 Drivers/STM32F7xx_HAL_Driver/Src/stm32f7xx_hal_tim.o
 .text.TIM_OC5_SetConfig
                0x0000000008009918       0xa4 Drivers/STM32F7xx_HAL_Driver/Src/stm32f7xx_hal_tim.o
 .text.TIM_OC6_SetConfig
                0x00000000080099bc       0xa8 Drivers/STM32F7xx_HAL_Driver/Src/stm32f7xx_hal_tim.o
 .text.TIM_SlaveTimer_SetConfig
                0x0000000008009a64      0x110 Drivers/STM32F7xx_HAL_Driver/Src/stm32f7xx_hal_tim.o
 .text.TIM_TI1_ConfigInputStage
                0x0000000008009b74       0x5e Drivers/STM32F7xx_HAL_Driver/Src/stm32f7xx_hal_tim.o
 .text.TIM_TI2_ConfigInputStage
                0x0000000008009bd2       0x60 Drivers/STM32F7xx_HAL_Driver/Src/stm32f7xx_hal_tim.o
 .text.TIM_ITRx_SetConfig
                0x0000000008009c32       0x36 Drivers/STM32F7xx_HAL_Driver/Src/stm32f7xx_hal_tim.o
 .text.TIM_ETR_SetConfig
                0x0000000008009c68       0x40 Drivers/STM32F7xx_HAL_Driver/Src/stm32f7xx_hal_tim.o
                0x0000000008009c68                TIM_ETR_SetConfig
 .text.HAL_TIMEx_MasterConfigSynchronization
                0x0000000008009ca8      0x11c Drivers/STM32F7xx_HAL_Driver/Src/stm32f7xx_hal_tim_ex.o
                0x0000000008009ca8                HAL_TIMEx_MasterConfigSynchronization
 .text.HAL_TIMEx_ConfigBreakDeadTime
                0x0000000008009dc4       0xfc Drivers/STM32F7xx_HAL_Driver/Src/stm32f7xx_hal_tim_ex.o
                0x0000000008009dc4                HAL_TIMEx_ConfigBreakDeadTime
 .text.HAL_TIMEx_CommutCallback
                0x0000000008009ec0       0x14 Drivers/STM32F7xx_HAL_Driver/Src/stm32f7xx_hal_tim_ex.o
                0x0000000008009ec0                HAL_TIMEx_CommutCallback
 .text.HAL_TIMEx_BreakCallback
                0x0000000008009ed4       0x14 Drivers/STM32F7xx_HAL_Driver/Src/stm32f7xx_hal_tim_ex.o
                0x0000000008009ed4                HAL_TIMEx_BreakCallback
 .text.HAL_TIMEx_Break2Callback
                0x0000000008009ee8       0x14 Drivers/STM32F7xx_HAL_Driver/Src/stm32f7xx_hal_tim_ex.o
                0x0000000008009ee8                HAL_TIMEx_Break2Callback
 .text.HAL_UART_Init
                0x0000000008009efc       0x9c Drivers/STM32F7xx_HAL_Driver/Src/stm32f7xx_hal_uart.o
                0x0000000008009efc                HAL_UART_Init
 .text.UART_SetConfig
                0x0000000008009f98      0x554 Drivers/STM32F7xx_HAL_Driver/Src/stm32f7xx_hal_uart.o
                0x0000000008009f98                UART_SetConfig
 .text.UART_AdvFeatureConfig
                0x000000000800a4ec      0x144 Drivers/STM32F7xx_HAL_Driver/Src/stm32f7xx_hal_uart.o
                0x000000000800a4ec                UART_AdvFeatureConfig
 .text.UART_CheckIdleState
                0x000000000800a630       0x5e Drivers/STM32F7xx_HAL_Driver/Src/stm32f7xx_hal_uart.o
                0x000000000800a630                UART_CheckIdleState
 .text.UART_WaitOnFlagUntilTimeout
                0x000000000800a68e       0xf6 Drivers/STM32F7xx_HAL_Driver/Src/stm32f7xx_hal_uart.o
                0x000000000800a68e                UART_WaitOnFlagUntilTimeout
 .text.FMC_SDRAM_Init
                0x000000000800a784       0xe4 Drivers/STM32F7xx_HAL_Driver/Src/stm32f7xx_ll_fmc.o
                0x000000000800a784                FMC_SDRAM_Init
 .text.FMC_SDRAM_Timing_Init
                0x000000000800a868      0x100 Drivers/STM32F7xx_HAL_Driver/Src/stm32f7xx_ll_fmc.o
                0x000000000800a868                FMC_SDRAM_Timing_Init
 .text.FMC_SDRAM_SendCommand
                0x000000000800a968       0x42 Drivers/STM32F7xx_HAL_Driver/Src/stm32f7xx_ll_fmc.o
                0x000000000800a968                FMC_SDRAM_SendCommand
 .text.FMC_SDRAM_ProgramRefreshRate
                0x000000000800a9aa       0x26 Drivers/STM32F7xx_HAL_Driver/Src/stm32f7xx_ll_fmc.o
                0x000000000800a9aa                FMC_SDRAM_ProgramRefreshRate
 .text.makeFreeRtosPriority
                0x000000000800a9d0       0x30 Middlewares/Third_Party/FreeRTOS/Source/CMSIS_RTOS/cmsis_os.o
 .text.osThreadCreate
                0x000000000800aa00       0x98 Middlewares/Third_Party/FreeRTOS/Source/CMSIS_RTOS/cmsis_os.o
                0x000000000800aa00                osThreadCreate
 .text.osDelay  0x000000000800aa98       0x28 Middlewares/Third_Party/FreeRTOS/Source/CMSIS_RTOS/cmsis_os.o
                0x000000000800aa98                osDelay
 .text.vListInitialise
                0x000000000800aac0       0x40 Middlewares/Third_Party/FreeRTOS/Source/list.o
                0x000000000800aac0                vListInitialise
 .text.vListInitialiseItem
                0x000000000800ab00       0x1a Middlewares/Third_Party/FreeRTOS/Source/list.o
                0x000000000800ab00                vListInitialiseItem
 .text.vListInsertEnd
                0x000000000800ab1a       0x48 Middlewares/Third_Party/FreeRTOS/Source/list.o
                0x000000000800ab1a                vListInsertEnd
 .text.vListInsert
                0x000000000800ab62       0x72 Middlewares/Third_Party/FreeRTOS/Source/list.o
                0x000000000800ab62                vListInsert
 .text.uxListRemove
                0x000000000800abd4       0x54 Middlewares/Third_Party/FreeRTOS/Source/list.o
                0x000000000800abd4                uxListRemove
 .text.xTaskCreateStatic
                0x000000000800ac28       0xc0 Middlewares/Third_Party/FreeRTOS/Source/tasks.o
                0x000000000800ac28                xTaskCreateStatic
 .text.xTaskCreate
                0x000000000800ace8       0x8a Middlewares/Third_Party/FreeRTOS/Source/tasks.o
                0x000000000800ace8                xTaskCreate
 .text.prvInitialiseNewTask
                0x000000000800ad72      0x126 Middlewares/Third_Party/FreeRTOS/Source/tasks.o
 .text.prvAddNewTaskToReadyList
                0x000000000800ae98       0xd4 Middlewares/Third_Party/FreeRTOS/Source/tasks.o
 .text.vTaskDelay
                0x000000000800af6c       0x6c Middlewares/Third_Party/FreeRTOS/Source/tasks.o
                0x000000000800af6c                vTaskDelay
 .text.vTaskSuspendAll
                0x000000000800afd8       0x1c Middlewares/Third_Party/FreeRTOS/Source/tasks.o
                0x000000000800afd8                vTaskSuspendAll
 .text.xTaskResumeAll
                0x000000000800aff4      0x13c Middlewares/Third_Party/FreeRTOS/Source/tasks.o
                0x000000000800aff4                xTaskResumeAll
 .text.xTaskIncrementTick
                0x000000000800b130      0x174 Middlewares/Third_Party/FreeRTOS/Source/tasks.o
                0x000000000800b130                xTaskIncrementTick
 .text.vTaskSwitchContext
                0x000000000800b2a4      0x104 Middlewares/Third_Party/FreeRTOS/Source/tasks.o
                0x000000000800b2a4                vTaskSwitchContext
 .text.prvInitialiseTaskLists
                0x000000000800b3a8       0x80 Middlewares/Third_Party/FreeRTOS/Source/tasks.o
 .text.prvResetNextTaskUnblockTime
                0x000000000800b428       0x40 Middlewares/Third_Party/FreeRTOS/Source/tasks.o
 .text.prvAddCurrentTaskToDelayedList
                0x000000000800b468       0xcc Middlewares/Third_Party/FreeRTOS/Source/tasks.o
 .text.pxPortInitialiseStack
                0x000000000800b534       0x68 Middlewares/Third_Party/FreeRTOS/Source/portable/GCC/ARM_CM7/r0p1/port.o
                0x000000000800b534                pxPortInitialiseStack
 .text.prvTaskExitError
                0x000000000800b59c       0x5c Middlewares/Third_Party/FreeRTOS/Source/portable/GCC/ARM_CM7/r0p1/port.o
 *fill*         0x000000000800b5f8        0x8 
 .text.SVC_Handler
                0x000000000800b600       0x28 Middlewares/Third_Party/FreeRTOS/Source/portable/GCC/ARM_CM7/r0p1/port.o
                0x000000000800b600                SVC_Handler
 .text.vPortEnterCritical
                0x000000000800b628       0x64 Middlewares/Third_Party/FreeRTOS/Source/portable/GCC/ARM_CM7/r0p1/port.o
                0x000000000800b628                vPortEnterCritical
 .text.vPortExitCritical
                0x000000000800b68c       0x54 Middlewares/Third_Party/FreeRTOS/Source/portable/GCC/ARM_CM7/r0p1/port.o
                0x000000000800b68c                vPortExitCritical
 .text.PendSV_Handler
                0x000000000800b6e0       0x68 Middlewares/Third_Party/FreeRTOS/Source/portable/GCC/ARM_CM7/r0p1/port.o
                0x000000000800b6e0                PendSV_Handler
 .text.SysTick_Handler
                0x000000000800b748       0x44 Middlewares/Third_Party/FreeRTOS/Source/portable/GCC/ARM_CM7/r0p1/port.o
                0x000000000800b748                SysTick_Handler
 .text.pvPortMalloc
                0x000000000800b78c      0x198 Middlewares/Third_Party/FreeRTOS/Source/portable/MemMang/heap_4.o
                0x000000000800b78c                pvPortMalloc
 .text.vPortFree
                0x000000000800b924       0xb8 Middlewares/Third_Party/FreeRTOS/Source/portable/MemMang/heap_4.o
                0x000000000800b924                vPortFree
 .text.prvHeapInit
                0x000000000800b9dc       0xc4 Middlewares/Third_Party/FreeRTOS/Source/portable/MemMang/heap_4.o
 .text.prvInsertBlockIntoFreeList
                0x000000000800baa0       0xb4 Middlewares/Third_Party/FreeRTOS/Source/portable/MemMang/heap_4.o
 .text.__errno  0x000000000800bb54        0xc /opt/st/stm32cubeide_1.5.1/plugins/com.st.stm32cube.ide.mcu.externaltools.gnu-tools-for-stm32.7-2018-q2-update.linux64_1.5.0.202011040924/tools/bin/../lib/gcc/arm-none-eabi/7.3.1/../../../../arm-none-eabi/lib/thumb/v7e-m/fpv4-sp/hard/libc_nano.a(lib_a-errno.o)
                0x000000000800bb54                __errno
 .text.__libc_init_array
                0x000000000800bb60       0x48 /opt/st/stm32cubeide_1.5.1/plugins/com.st.stm32cube.ide.mcu.externaltools.gnu-tools-for-stm32.7-2018-q2-update.linux64_1.5.0.202011040924/tools/bin/../lib/gcc/arm-none-eabi/7.3.1/../../../../arm-none-eabi/lib/thumb/v7e-m/fpv4-sp/hard/libc_nano.a(lib_a-init.o)
                0x000000000800bb60                __libc_init_array
 .text.memcpy   0x000000000800bba8       0x16 /opt/st/stm32cubeide_1.5.1/plugins/com.st.stm32cube.ide.mcu.externaltools.gnu-tools-for-stm32.7-2018-q2-update.linux64_1.5.0.202011040924/tools/bin/../lib/gcc/arm-none-eabi/7.3.1/../../../../arm-none-eabi/lib/thumb/v7e-m/fpv4-sp/hard/libc_nano.a(lib_a-memcpy-stub.o)
                0x000000000800bba8                memcpy
 .text.memset   0x000000000800bbbe       0x10 /opt/st/stm32cubeide_1.5.1/plugins/com.st.stm32cube.ide.mcu.externaltools.gnu-tools-for-stm32.7-2018-q2-update.linux64_1.5.0.202011040924/tools/bin/../lib/gcc/arm-none-eabi/7.3.1/../../../../arm-none-eabi/lib/thumb/v7e-m/fpv4-sp/hard/libc_nano.a(lib_a-memset.o)
                0x000000000800bbbe                memset
 *fill*         0x000000000800bbce        0x2 
 .text.sprintf  0x000000000800bbd0       0x40 /opt/st/stm32cubeide_1.5.1/plugins/com.st.stm32cube.ide.mcu.externaltools.gnu-tools-for-stm32.7-2018-q2-update.linux64_1.5.0.202011040924/tools/bin/../lib/gcc/arm-none-eabi/7.3.1/../../../../arm-none-eabi/lib/thumb/v7e-m/fpv4-sp/hard/libc_nano.a(lib_a-sprintf.o)
                0x000000000800bbd0                sprintf
                0x000000000800bbd0                siprintf
 .text.__ssputs_r
                0x000000000800bc10       0xb4 /opt/st/stm32cubeide_1.5.1/plugins/com.st.stm32cube.ide.mcu.externaltools.gnu-tools-for-stm32.7-2018-q2-update.linux64_1.5.0.202011040924/tools/bin/../lib/gcc/arm-none-eabi/7.3.1/../../../../arm-none-eabi/lib/thumb/v7e-m/fpv4-sp/hard/libc_nano.a(lib_a-nano-svfprintf.o)
                0x000000000800bc10                __ssputs_r
 .text._svfprintf_r
                0x000000000800bcc4      0x1f0 /opt/st/stm32cubeide_1.5.1/plugins/com.st.stm32cube.ide.mcu.externaltools.gnu-tools-for-stm32.7-2018-q2-update.linux64_1.5.0.202011040924/tools/bin/../lib/gcc/arm-none-eabi/7.3.1/../../../../arm-none-eabi/lib/thumb/v7e-m/fpv4-sp/hard/libc_nano.a(lib_a-nano-svfprintf.o)
                0x000000000800bcc4                _svfprintf_r
                0x000000000800bcc4                _svfiprintf_r
 .text._printf_common
                0x000000000800beb4       0xea /opt/st/stm32cubeide_1.5.1/plugins/com.st.stm32cube.ide.mcu.externaltools.gnu-tools-for-stm32.7-2018-q2-update.linux64_1.5.0.202011040924/tools/bin/../lib/gcc/arm-none-eabi/7.3.1/../../../../arm-none-eabi/lib/thumb/v7e-m/fpv4-sp/hard/libc_nano.a(lib_a-nano-vfprintf_i.o)
                0x000000000800beb4                _printf_common
 *fill*         0x000000000800bf9e        0x2 
 .text._printf_i
                0x000000000800bfa0      0x224 /opt/st/stm32cubeide_1.5.1/plugins/com.st.stm32cube.ide.mcu.externaltools.gnu-tools-for-stm32.7-2018-q2-update.linux64_1.5.0.202011040924/tools/bin/../lib/gcc/arm-none-eabi/7.3.1/../../../../arm-none-eabi/lib/thumb/v7e-m/fpv4-sp/hard/libc_nano.a(lib_a-nano-vfprintf_i.o)
                0x000000000800bfa0                _printf_i
 .text.memmove  0x000000000800c1c4       0x32 /opt/st/stm32cubeide_1.5.1/plugins/com.st.stm32cube.ide.mcu.externaltools.gnu-tools-for-stm32.7-2018-q2-update.linux64_1.5.0.202011040924/tools/bin/../lib/gcc/arm-none-eabi/7.3.1/../../../../arm-none-eabi/lib/thumb/v7e-m/fpv4-sp/hard/libc_nano.a(lib_a-memmove.o)
                0x000000000800c1c4                memmove
 *fill*         0x000000000800c1f6        0x2 
 .text._free_r  0x000000000800c1f8       0x9c /opt/st/stm32cubeide_1.5.1/plugins/com.st.stm32cube.ide.mcu.externaltools.gnu-tools-for-stm32.7-2018-q2-update.linux64_1.5.0.202011040924/tools/bin/../lib/gcc/arm-none-eabi/7.3.1/../../../../arm-none-eabi/lib/thumb/v7e-m/fpv4-sp/hard/libc_nano.a(lib_a-nano-freer.o)
                0x000000000800c1f8                _free_r
 .text._malloc_r
                0x000000000800c294       0xb4 /opt/st/stm32cubeide_1.5.1/plugins/com.st.stm32cube.ide.mcu.externaltools.gnu-tools-for-stm32.7-2018-q2-update.linux64_1.5.0.202011040924/tools/bin/../lib/gcc/arm-none-eabi/7.3.1/../../../../arm-none-eabi/lib/thumb/v7e-m/fpv4-sp/hard/libc_nano.a(lib_a-nano-mallocr.o)
                0x000000000800c294                _malloc_r
 .text._realloc_r
                0x000000000800c348       0x4c /opt/st/stm32cubeide_1.5.1/plugins/com.st.stm32cube.ide.mcu.externaltools.gnu-tools-for-stm32.7-2018-q2-update.linux64_1.5.0.202011040924/tools/bin/../lib/gcc/arm-none-eabi/7.3.1/../../../../arm-none-eabi/lib/thumb/v7e-m/fpv4-sp/hard/libc_nano.a(lib_a-nano-reallocr.o)
                0x000000000800c348                _realloc_r
 .text._sbrk_r  0x000000000800c394       0x20 /opt/st/stm32cubeide_1.5.1/plugins/com.st.stm32cube.ide.mcu.externaltools.gnu-tools-for-stm32.7-2018-q2-update.linux64_1.5.0.202011040924/tools/bin/../lib/gcc/arm-none-eabi/7.3.1/../../../../arm-none-eabi/lib/thumb/v7e-m/fpv4-sp/hard/libc_nano.a(lib_a-sbrkr.o)
                0x000000000800c394                _sbrk_r
 .text.__malloc_lock
                0x000000000800c3b4        0x2 /opt/st/stm32cubeide_1.5.1/plugins/com.st.stm32cube.ide.mcu.externaltools.gnu-tools-for-stm32.7-2018-q2-update.linux64_1.5.0.202011040924/tools/bin/../lib/gcc/arm-none-eabi/7.3.1/../../../../arm-none-eabi/lib/thumb/v7e-m/fpv4-sp/hard/libc_nano.a(lib_a-mlock.o)
                0x000000000800c3b4                __malloc_lock
 .text.__malloc_unlock
                0x000000000800c3b6        0x2 /opt/st/stm32cubeide_1.5.1/plugins/com.st.stm32cube.ide.mcu.externaltools.gnu-tools-for-stm32.7-2018-q2-update.linux64_1.5.0.202011040924/tools/bin/../lib/gcc/arm-none-eabi/7.3.1/../../../../arm-none-eabi/lib/thumb/v7e-m/fpv4-sp/hard/libc_nano.a(lib_a-mlock.o)
                0x000000000800c3b6                __malloc_unlock
 .text._malloc_usable_size_r
                0x000000000800c3b8       0x10 /opt/st/stm32cubeide_1.5.1/plugins/com.st.stm32cube.ide.mcu.externaltools.gnu-tools-for-stm32.7-2018-q2-update.linux64_1.5.0.202011040924/tools/bin/../lib/gcc/arm-none-eabi/7.3.1/../../../../arm-none-eabi/lib/thumb/v7e-m/fpv4-sp/hard/libc_nano.a(lib_a-nano-msizer.o)
                0x000000000800c3b8                _malloc_usable_size_r
 *(.glue_7)
 .glue_7        0x000000000800c3c8        0x0 linker stubs
 *(.glue_7t)
 .glue_7t       0x000000000800c3c8        0x0 linker stubs
 *(.eh_frame)
 .eh_frame      0x000000000800c3c8        0x0 /opt/st/stm32cubeide_1.5.1/plugins/com.st.stm32cube.ide.mcu.externaltools.gnu-tools-for-stm32.7-2018-q2-update.linux64_1.5.0.202011040924/tools/bin/../lib/gcc/arm-none-eabi/7.3.1/thumb/v7e-m/fpv4-sp/hard/crtbegin.o
 *(.init)
 .init          0x000000000800c3c8        0x4 /opt/st/stm32cubeide_1.5.1/plugins/com.st.stm32cube.ide.mcu.externaltools.gnu-tools-for-stm32.7-2018-q2-update.linux64_1.5.0.202011040924/tools/bin/../lib/gcc/arm-none-eabi/7.3.1/thumb/v7e-m/fpv4-sp/hard/crti.o
                0x000000000800c3c8                _init
 .init          0x000000000800c3cc        0x8 /opt/st/stm32cubeide_1.5.1/plugins/com.st.stm32cube.ide.mcu.externaltools.gnu-tools-for-stm32.7-2018-q2-update.linux64_1.5.0.202011040924/tools/bin/../lib/gcc/arm-none-eabi/7.3.1/thumb/v7e-m/fpv4-sp/hard/crtn.o
 *(.fini)
 .fini          0x000000000800c3d4        0x4 /opt/st/stm32cubeide_1.5.1/plugins/com.st.stm32cube.ide.mcu.externaltools.gnu-tools-for-stm32.7-2018-q2-update.linux64_1.5.0.202011040924/tools/bin/../lib/gcc/arm-none-eabi/7.3.1/thumb/v7e-m/fpv4-sp/hard/crti.o
                0x000000000800c3d4                _fini
 .fini          0x000000000800c3d8        0x8 /opt/st/stm32cubeide_1.5.1/plugins/com.st.stm32cube.ide.mcu.externaltools.gnu-tools-for-stm32.7-2018-q2-update.linux64_1.5.0.202011040924/tools/bin/../lib/gcc/arm-none-eabi/7.3.1/thumb/v7e-m/fpv4-sp/hard/crtn.o
                0x000000000800c3e0                . = ALIGN (0x4)
                0x000000000800c3e0                _etext = .

.vfp11_veneer   0x000000000800c3e0        0x0
 .vfp11_veneer  0x000000000800c3e0        0x0 linker stubs

.v4_bx          0x000000000800c3e0        0x0
 .v4_bx         0x000000000800c3e0        0x0 linker stubs

.iplt           0x000000000800c3e0        0x0
 .iplt          0x000000000800c3e0        0x0 /opt/st/stm32cubeide_1.5.1/plugins/com.st.stm32cube.ide.mcu.externaltools.gnu-tools-for-stm32.7-2018-q2-update.linux64_1.5.0.202011040924/tools/bin/../lib/gcc/arm-none-eabi/7.3.1/thumb/v7e-m/fpv4-sp/hard/crtbegin.o

.rodata         0x000000000800c3e0     0x1fe4
                0x000000000800c3e0                . = ALIGN (0x4)
 *(.rodata)
 .rodata        0x000000000800c3e0       0x64 Core/Src/main.o
 *(.rodata*)
 .rodata.Font24_Table
                0x000000000800c444     0x1ab8 Core/Src/stm32746g_discovery_lcd.o
                0x000000000800c444                Font24_Table
 .rodata.Font12_Table
                0x000000000800defc      0x474 Core/Src/stm32746g_discovery_lcd.o
                0x000000000800defc                Font12_Table
 .rodata.AHBPrescTable
                0x000000000800e370       0x10 Core/Src/system_stm32f7xx.o
                0x000000000800e370                AHBPrescTable
 .rodata.APBPrescTable
                0x000000000800e380        0x8 Core/Src/system_stm32f7xx.o
                0x000000000800e380                APBPrescTable
 .rodata.flagBitshiftOffset.9876
                0x000000000800e388        0x8 Drivers/STM32F7xx_HAL_Driver/Src/stm32f7xx_hal_dma.o
 .rodata._svfprintf_r.str1.1
                0x000000000800e390       0x11 /opt/st/stm32cubeide_1.5.1/plugins/com.st.stm32cube.ide.mcu.externaltools.gnu-tools-for-stm32.7-2018-q2-update.linux64_1.5.0.202011040924/tools/bin/../lib/gcc/arm-none-eabi/7.3.1/../../../../arm-none-eabi/lib/thumb/v7e-m/fpv4-sp/hard/libc_nano.a(lib_a-nano-svfprintf.o)
 .rodata._printf_i.str1.1
                0x000000000800e3a1       0x22 /opt/st/stm32cubeide_1.5.1/plugins/com.st.stm32cube.ide.mcu.externaltools.gnu-tools-for-stm32.7-2018-q2-update.linux64_1.5.0.202011040924/tools/bin/../lib/gcc/arm-none-eabi/7.3.1/../../../../arm-none-eabi/lib/thumb/v7e-m/fpv4-sp/hard/libc_nano.a(lib_a-nano-vfprintf_i.o)
                0x000000000800e3c4                . = ALIGN (0x4)
 *fill*         0x000000000800e3c3        0x1 

.ARM.extab      0x000000000800e3c4        0x0
                0x000000000800e3c4                . = ALIGN (0x4)
 *(.ARM.extab* .gnu.linkonce.armextab.*)
                0x000000000800e3c4                . = ALIGN (0x4)

.ARM            0x000000000800e3c4        0x8
                0x000000000800e3c4                . = ALIGN (0x4)
                0x000000000800e3c4                __exidx_start = .
 *(.ARM.exidx*)
 .ARM.exidx     0x000000000800e3c4        0x8 /opt/st/stm32cubeide_1.5.1/plugins/com.st.stm32cube.ide.mcu.externaltools.gnu-tools-for-stm32.7-2018-q2-update.linux64_1.5.0.202011040924/tools/bin/../lib/gcc/arm-none-eabi/7.3.1/thumb/v7e-m/fpv4-sp/hard/libgcc.a(_udivmoddi4.o)
                0x000000000800e3cc                __exidx_end = .
                0x000000000800e3cc                . = ALIGN (0x4)

.rel.dyn        0x000000000800e3cc        0x0
 .rel.iplt      0x000000000800e3cc        0x0 /opt/st/stm32cubeide_1.5.1/plugins/com.st.stm32cube.ide.mcu.externaltools.gnu-tools-for-stm32.7-2018-q2-update.linux64_1.5.0.202011040924/tools/bin/../lib/gcc/arm-none-eabi/7.3.1/thumb/v7e-m/fpv4-sp/hard/crtbegin.o

.preinit_array  0x000000000800e3cc        0x0
                0x000000000800e3cc                . = ALIGN (0x4)
                0x000000000800e3cc                PROVIDE (__preinit_array_start = .)
 *(.preinit_array*)
                0x000000000800e3cc                PROVIDE (__preinit_array_end = .)
                0x000000000800e3cc                . = ALIGN (0x4)

.init_array     0x000000000800e3cc        0x4
                0x000000000800e3cc                . = ALIGN (0x4)
                0x000000000800e3cc                PROVIDE (__init_array_start = .)
 *(SORT_BY_NAME(.init_array.*))
 *(.init_array*)
 .init_array    0x000000000800e3cc        0x4 /opt/st/stm32cubeide_1.5.1/plugins/com.st.stm32cube.ide.mcu.externaltools.gnu-tools-for-stm32.7-2018-q2-update.linux64_1.5.0.202011040924/tools/bin/../lib/gcc/arm-none-eabi/7.3.1/thumb/v7e-m/fpv4-sp/hard/crtbegin.o
                0x000000000800e3d0                PROVIDE (__init_array_end = .)
                0x000000000800e3d0                . = ALIGN (0x4)

.fini_array     0x000000000800e3d0        0x4
                0x000000000800e3d0                . = ALIGN (0x4)
                [!provide]                        PROVIDE (__fini_array_start = .)
 *(SORT_BY_NAME(.fini_array.*))
 *(.fini_array*)
 .fini_array    0x000000000800e3d0        0x4 /opt/st/stm32cubeide_1.5.1/plugins/com.st.stm32cube.ide.mcu.externaltools.gnu-tools-for-stm32.7-2018-q2-update.linux64_1.5.0.202011040924/tools/bin/../lib/gcc/arm-none-eabi/7.3.1/thumb/v7e-m/fpv4-sp/hard/crtbegin.o
                [!provide]                        PROVIDE (__fini_array_end = .)
                0x000000000800e3d4                . = ALIGN (0x4)
                0x000000000800e3d4                _sidata = LOADADDR (.data)

.data           0x0000000020000000       0xb0 load address 0x000000000800e3d4
                0x0000000020000000                . = ALIGN (0x4)
                0x0000000020000000                _sdata = .
 *(.data)
 *(.data*)
 .data.ft5336_ts_drv
                0x0000000020000000       0x28 Core/Src/ft5336.o
                0x0000000020000000                ft5336_ts_drv
 .data.Font24   0x0000000020000028        0x8 Core/Src/stm32746g_discovery_lcd.o
                0x0000000020000028                Font24
 .data.Font12   0x0000000020000030        0x8 Core/Src/stm32746g_discovery_lcd.o
                0x0000000020000030                Font12
 .data.sdramstatus.9792
                0x0000000020000038        0x1 Core/Src/stm32746g_discovery_sdram.o
 *fill*         0x0000000020000039        0x3 
 .data.SystemCoreClock
                0x000000002000003c        0x4 Core/Src/system_stm32f7xx.o
                0x000000002000003c                SystemCoreClock
 .data.uwTickPrio
                0x0000000020000040        0x4 Drivers/STM32F7xx_HAL_Driver/Src/stm32f7xx_hal.o
                0x0000000020000040                uwTickPrio
 .data.uwTickFreq
                0x0000000020000044        0x1 Drivers/STM32F7xx_HAL_Driver/Src/stm32f7xx_hal.o
                0x0000000020000044                uwTickFreq
 *fill*         0x0000000020000045        0x3 
 .data.uxCriticalNesting
                0x0000000020000048        0x4 Middlewares/Third_Party/FreeRTOS/Source/portable/GCC/ARM_CM7/r0p1/port.o
 .data._impure_ptr
                0x000000002000004c        0x4 /opt/st/stm32cubeide_1.5.1/plugins/com.st.stm32cube.ide.mcu.externaltools.gnu-tools-for-stm32.7-2018-q2-update.linux64_1.5.0.202011040924/tools/bin/../lib/gcc/arm-none-eabi/7.3.1/../../../../arm-none-eabi/lib/thumb/v7e-m/fpv4-sp/hard/libc_nano.a(lib_a-impure.o)
                0x000000002000004c                _impure_ptr
 .data.impure_data
                0x0000000020000050       0x60 /opt/st/stm32cubeide_1.5.1/plugins/com.st.stm32cube.ide.mcu.externaltools.gnu-tools-for-stm32.7-2018-q2-update.linux64_1.5.0.202011040924/tools/bin/../lib/gcc/arm-none-eabi/7.3.1/../../../../arm-none-eabi/lib/thumb/v7e-m/fpv4-sp/hard/libc_nano.a(lib_a-impure.o)
 *(.RamFunc)
 *(.RamFunc*)
                0x00000000200000b0                . = ALIGN (0x4)
                0x00000000200000b0                _edata = .

.igot.plt       0x00000000200000b0        0x0 load address 0x000000000800e484
 .igot.plt      0x00000000200000b0        0x0 /opt/st/stm32cubeide_1.5.1/plugins/com.st.stm32cube.ide.mcu.externaltools.gnu-tools-for-stm32.7-2018-q2-update.linux64_1.5.0.202011040924/tools/bin/../lib/gcc/arm-none-eabi/7.3.1/thumb/v7e-m/fpv4-sp/hard/crtbegin.o
                0x00000000200000b0                . = ALIGN (0x4)

.bss            0x00000000200000b0     0x8a4c load address 0x000000000800e484
                0x00000000200000b0                _sbss = .
                0x00000000200000b0                __bss_start__ = _sbss
 *(.bss)
 .bss           0x00000000200000b0       0x1c /opt/st/stm32cubeide_1.5.1/plugins/com.st.stm32cube.ide.mcu.externaltools.gnu-tools-for-stm32.7-2018-q2-update.linux64_1.5.0.202011040924/tools/bin/../lib/gcc/arm-none-eabi/7.3.1/thumb/v7e-m/fpv4-sp/hard/crtbegin.o
 *(.bss*)
 .bss.ft5336_handle
                0x00000000200000cc        0x3 Core/Src/ft5336.o
 *fill*         0x00000000200000cf        0x1 
 .bss.coord.5529
                0x00000000200000d0        0x2 Core/Src/ft5336.o
 *fill*         0x00000000200000d2        0x2 
 .bss.TS_State.12025
                0x00000000200000d4       0x2c Core/Src/main.o
 .bss.hI2cAudioHandler
                0x0000000020000100       0x4c Core/Src/stm32746g_discovery.o
 .bss.hDma2dHandler
                0x000000002000014c       0x40 Core/Src/stm32746g_discovery_lcd.o
 .bss.ActiveLayer
                0x000000002000018c        0x4 Core/Src/stm32746g_discovery_lcd.o
 .bss.DrawProp  0x0000000020000190       0x18 Core/Src/stm32746g_discovery_lcd.o
 .bss.periph_clk_init_struct.10379
                0x00000000200001a8       0x84 Core/Src/stm32746g_discovery_lcd.o
 .bss.Timing    0x000000002000022c       0x1c Core/Src/stm32746g_discovery_sdram.o
 .bss.Command   0x0000000020000248       0x10 Core/Src/stm32746g_discovery_sdram.o
 .bss.dma_handle.9828
                0x0000000020000258       0x60 Core/Src/stm32746g_discovery_sdram.o
 .bss.tsDriver  0x00000000200002b8        0x4 Core/Src/stm32746g_discovery_ts.o
 .bss.tsXBoundary
                0x00000000200002bc        0x2 Core/Src/stm32746g_discovery_ts.o
 .bss.tsYBoundary
                0x00000000200002be        0x2 Core/Src/stm32746g_discovery_ts.o
 .bss.tsOrientation
                0x00000000200002c0        0x1 Core/Src/stm32746g_discovery_ts.o
 .bss.I2cAddress
                0x00000000200002c1        0x1 Core/Src/stm32746g_discovery_ts.o
 *fill*         0x00000000200002c2        0x2 
 .bss._x.9944   0x00000000200002c4       0x14 Core/Src/stm32746g_discovery_ts.o
 .bss._y.9945   0x00000000200002d8       0x14 Core/Src/stm32746g_discovery_ts.o
 .bss.FMC_Initialized
                0x00000000200002ec        0x4 Core/Src/stm32f7xx_hal_msp.o
 .bss.__sbrk_heap_end
                0x00000000200002f0        0x4 Core/Src/sysmem.o
 .bss.pxCurrentTCB
                0x00000000200002f4        0x4 Middlewares/Third_Party/FreeRTOS/Source/tasks.o
                0x00000000200002f4                pxCurrentTCB
 .bss.pxReadyTasksLists
                0x00000000200002f8       0x8c Middlewares/Third_Party/FreeRTOS/Source/tasks.o
 .bss.xDelayedTaskList1
                0x0000000020000384       0x14 Middlewares/Third_Party/FreeRTOS/Source/tasks.o
 .bss.xDelayedTaskList2
                0x0000000020000398       0x14 Middlewares/Third_Party/FreeRTOS/Source/tasks.o
 .bss.pxDelayedTaskList
                0x00000000200003ac        0x4 Middlewares/Third_Party/FreeRTOS/Source/tasks.o
 .bss.pxOverflowDelayedTaskList
                0x00000000200003b0        0x4 Middlewares/Third_Party/FreeRTOS/Source/tasks.o
 .bss.xPendingReadyList
                0x00000000200003b4       0x14 Middlewares/Third_Party/FreeRTOS/Source/tasks.o
 .bss.xTasksWaitingTermination
                0x00000000200003c8       0x14 Middlewares/Third_Party/FreeRTOS/Source/tasks.o
 .bss.xSuspendedTaskList
                0x00000000200003dc       0x14 Middlewares/Third_Party/FreeRTOS/Source/tasks.o
 .bss.uxCurrentNumberOfTasks
                0x00000000200003f0        0x4 Middlewares/Third_Party/FreeRTOS/Source/tasks.o
 .bss.xTickCount
                0x00000000200003f4        0x4 Middlewares/Third_Party/FreeRTOS/Source/tasks.o
 .bss.uxTopReadyPriority
                0x00000000200003f8        0x4 Middlewares/Third_Party/FreeRTOS/Source/tasks.o
 .bss.xSchedulerRunning
                0x00000000200003fc        0x4 Middlewares/Third_Party/FreeRTOS/Source/tasks.o
 .bss.uxPendedTicks
                0x0000000020000400        0x4 Middlewares/Third_Party/FreeRTOS/Source/tasks.o
 .bss.xYieldPending
                0x0000000020000404        0x4 Middlewares/Third_Party/FreeRTOS/Source/tasks.o
 .bss.xNumOfOverflows
                0x0000000020000408        0x4 Middlewares/Third_Party/FreeRTOS/Source/tasks.o
 .bss.uxTaskNumber
                0x000000002000040c        0x4 Middlewares/Third_Party/FreeRTOS/Source/tasks.o
 .bss.xNextTaskUnblockTime
                0x0000000020000410        0x4 Middlewares/Third_Party/FreeRTOS/Source/tasks.o
 .bss.uxSchedulerSuspended
                0x0000000020000414        0x4 Middlewares/Third_Party/FreeRTOS/Source/tasks.o
 .bss.ucHeap    0x0000000020000418     0x8000 Middlewares/Third_Party/FreeRTOS/Source/portable/MemMang/heap_4.o
 .bss.xStart    0x0000000020008418        0x8 Middlewares/Third_Party/FreeRTOS/Source/portable/MemMang/heap_4.o
 .bss.pxEnd     0x0000000020008420        0x4 Middlewares/Third_Party/FreeRTOS/Source/portable/MemMang/heap_4.o
 .bss.xFreeBytesRemaining
                0x0000000020008424        0x4 Middlewares/Third_Party/FreeRTOS/Source/portable/MemMang/heap_4.o
 .bss.xMinimumEverFreeBytesRemaining
                0x0000000020008428        0x4 Middlewares/Third_Party/FreeRTOS/Source/portable/MemMang/heap_4.o
 .bss.xBlockAllocatedBit
                0x000000002000842c        0x4 Middlewares/Third_Party/FreeRTOS/Source/portable/MemMang/heap_4.o
 .bss.__malloc_free_list
                0x0000000020008430        0x4 /opt/st/stm32cubeide_1.5.1/plugins/com.st.stm32cube.ide.mcu.externaltools.gnu-tools-for-stm32.7-2018-q2-update.linux64_1.5.0.202011040924/tools/bin/../lib/gcc/arm-none-eabi/7.3.1/../../../../arm-none-eabi/lib/thumb/v7e-m/fpv4-sp/hard/libc_nano.a(lib_a-nano-mallocr.o)
                0x0000000020008430                __malloc_free_list
 .bss.__malloc_sbrk_start
                0x0000000020008434        0x4 /opt/st/stm32cubeide_1.5.1/plugins/com.st.stm32cube.ide.mcu.externaltools.gnu-tools-for-stm32.7-2018-q2-update.linux64_1.5.0.202011040924/tools/bin/../lib/gcc/arm-none-eabi/7.3.1/../../../../arm-none-eabi/lib/thumb/v7e-m/fpv4-sp/hard/libc_nano.a(lib_a-nano-mallocr.o)
                0x0000000020008434                __malloc_sbrk_start
 *(COMMON)
 COMMON         0x0000000020008438      0x5a0 Core/Src/main.o
                0x0000000020008438                defaultTaskHandle
                0x000000002000843c                hi2c3
                0x0000000020008488                hspi2
                0x00000000200084ec                huart7
                0x000000002000856c                htim8
                0x00000000200085ac                hi2c1
                0x00000000200085f8                htim5
                0x0000000020008638                htim3
                0x0000000020008678                hltdc
                0x0000000020008720                hadc1
                0x0000000020008768                hadc3
                0x00000000200087b0                huart1
                0x0000000020008830                hdac
                0x0000000020008844                hrtc
                0x0000000020008864                htim1
                0x00000000200088a4                huart6
                0x0000000020008924                hdma2d
                0x0000000020008964                htim2
                0x00000000200089a4                hsdram1
 COMMON         0x00000000200089d8       0xa8 Core/Src/stm32746g_discovery_lcd.o
                0x00000000200089d8                hLtdcHandler
 COMMON         0x0000000020008a80       0x34 Core/Src/stm32746g_discovery_sdram.o
                0x0000000020008a80                sdramHandle
 COMMON         0x0000000020008ab4       0x40 Core/Src/stm32f7xx_hal_timebase_tim.o
                0x0000000020008ab4                htim6
 COMMON         0x0000000020008af4        0x4 Drivers/STM32F7xx_HAL_Driver/Src/stm32f7xx_hal.o
                0x0000000020008af4                uwTick
 COMMON         0x0000000020008af8        0x4 /opt/st/stm32cubeide_1.5.1/plugins/com.st.stm32cube.ide.mcu.externaltools.gnu-tools-for-stm32.7-2018-q2-update.linux64_1.5.0.202011040924/tools/bin/../lib/gcc/arm-none-eabi/7.3.1/../../../../arm-none-eabi/lib/thumb/v7e-m/fpv4-sp/hard/libc_nano.a(lib_a-reent.o)
                0x0000000020008af8                errno
                0x0000000020008afc                . = ALIGN (0x4)
                0x0000000020008afc                _ebss = .
                0x0000000020008afc                __bss_end__ = _ebss

._user_heap_stack
                0x0000000020008afc      0x604 load address 0x000000000800e484
                0x0000000020008b00                . = ALIGN (0x8)
 *fill*         0x0000000020008afc        0x4 
                [!provide]                        PROVIDE (end = .)
                0x0000000020008b00                PROVIDE (_end = .)
                0x0000000020008d00                . = (. + _Min_Heap_Size)
 *fill*         0x0000000020008b00      0x200 
                0x0000000020009100                . = (. + _Min_Stack_Size)
 *fill*         0x0000000020008d00      0x400 
                0x0000000020009100                . = ALIGN (0x8)

/DISCARD/
 libc.a(*)
 libm.a(*)
 libgcc.a(*)

.ARM.attributes
                0x0000000000000000       0x30
 *(.ARM.attributes)
 .ARM.attributes
                0x0000000000000000       0x22 /opt/st/stm32cubeide_1.5.1/plugins/com.st.stm32cube.ide.mcu.externaltools.gnu-tools-for-stm32.7-2018-q2-update.linux64_1.5.0.202011040924/tools/bin/../lib/gcc/arm-none-eabi/7.3.1/thumb/v7e-m/fpv4-sp/hard/crti.o
 .ARM.attributes
                0x0000000000000022       0x34 /opt/st/stm32cubeide_1.5.1/plugins/com.st.stm32cube.ide.mcu.externaltools.gnu-tools-for-stm32.7-2018-q2-update.linux64_1.5.0.202011040924/tools/bin/../lib/gcc/arm-none-eabi/7.3.1/thumb/v7e-m/fpv4-sp/hard/crtbegin.o
 .ARM.attributes
                0x0000000000000056       0x39 Core/Src/freertos.o
 .ARM.attributes
                0x000000000000008f       0x39 Core/Src/ft5336.o
 .ARM.attributes
                0x00000000000000c8       0x39 Core/Src/main.o
 .ARM.attributes
                0x0000000000000101       0x39 Core/Src/stm32746g_discovery.o
 .ARM.attributes
                0x000000000000013a       0x39 Core/Src/stm32746g_discovery_lcd.o
 .ARM.attributes
                0x0000000000000173       0x39 Core/Src/stm32746g_discovery_sdram.o
 .ARM.attributes
                0x00000000000001ac       0x39 Core/Src/stm32746g_discovery_ts.o
 .ARM.attributes
                0x00000000000001e5       0x39 Core/Src/stm32f7xx_hal_msp.o
 .ARM.attributes
                0x000000000000021e       0x39 Core/Src/stm32f7xx_hal_timebase_tim.o
 .ARM.attributes
                0x0000000000000257       0x39 Core/Src/stm32f7xx_it.o
 .ARM.attributes
                0x0000000000000290       0x39 Core/Src/sysmem.o
 .ARM.attributes
                0x00000000000002c9       0x39 Core/Src/system_stm32f7xx.o
 .ARM.attributes
                0x0000000000000302       0x21 Core/Startup/startup_stm32f746nghx.o
 .ARM.attributes
                0x0000000000000323       0x39 Drivers/STM32F7xx_HAL_Driver/Src/stm32f7xx_hal.o
 .ARM.attributes
                0x000000000000035c       0x39 Drivers/STM32F7xx_HAL_Driver/Src/stm32f7xx_hal_adc.o
 .ARM.attributes
                0x0000000000000395       0x39 Drivers/STM32F7xx_HAL_Driver/Src/stm32f7xx_hal_cortex.o
 .ARM.attributes
                0x00000000000003ce       0x39 Drivers/STM32F7xx_HAL_Driver/Src/stm32f7xx_hal_dac.o
 .ARM.attributes
                0x0000000000000407       0x39 Drivers/STM32F7xx_HAL_Driver/Src/stm32f7xx_hal_dac_ex.o
 .ARM.attributes
                0x0000000000000440       0x39 Drivers/STM32F7xx_HAL_Driver/Src/stm32f7xx_hal_dma.o
 .ARM.attributes
                0x0000000000000479       0x39 Drivers/STM32F7xx_HAL_Driver/Src/stm32f7xx_hal_dma2d.o
 .ARM.attributes
                0x00000000000004b2       0x39 Drivers/STM32F7xx_HAL_Driver/Src/stm32f7xx_hal_gpio.o
 .ARM.attributes
                0x00000000000004eb       0x39 Drivers/STM32F7xx_HAL_Driver/Src/stm32f7xx_hal_i2c.o
 .ARM.attributes
                0x0000000000000524       0x39 Drivers/STM32F7xx_HAL_Driver/Src/stm32f7xx_hal_i2c_ex.o
 .ARM.attributes
                0x000000000000055d       0x39 Drivers/STM32F7xx_HAL_Driver/Src/stm32f7xx_hal_ltdc.o
 .ARM.attributes
                0x0000000000000596       0x39 Drivers/STM32F7xx_HAL_Driver/Src/stm32f7xx_hal_pwr.o
 .ARM.attributes
                0x00000000000005cf       0x39 Drivers/STM32F7xx_HAL_Driver/Src/stm32f7xx_hal_pwr_ex.o
 .ARM.attributes
                0x0000000000000608       0x39 Drivers/STM32F7xx_HAL_Driver/Src/stm32f7xx_hal_rcc.o
 .ARM.attributes
                0x0000000000000641       0x39 Drivers/STM32F7xx_HAL_Driver/Src/stm32f7xx_hal_rcc_ex.o
 .ARM.attributes
                0x000000000000067a       0x39 Drivers/STM32F7xx_HAL_Driver/Src/stm32f7xx_hal_rtc.o
 .ARM.attributes
                0x00000000000006b3       0x39 Drivers/STM32F7xx_HAL_Driver/Src/stm32f7xx_hal_rtc_ex.o
 .ARM.attributes
                0x00000000000006ec       0x39 Drivers/STM32F7xx_HAL_Driver/Src/stm32f7xx_hal_sdram.o
 .ARM.attributes
                0x0000000000000725       0x39 Drivers/STM32F7xx_HAL_Driver/Src/stm32f7xx_hal_spi.o
 .ARM.attributes
                0x000000000000075e       0x39 Drivers/STM32F7xx_HAL_Driver/Src/stm32f7xx_hal_tim.o
 .ARM.attributes
                0x0000000000000797       0x39 Drivers/STM32F7xx_HAL_Driver/Src/stm32f7xx_hal_tim_ex.o
 .ARM.attributes
                0x00000000000007d0       0x39 Drivers/STM32F7xx_HAL_Driver/Src/stm32f7xx_hal_uart.o
 .ARM.attributes
                0x0000000000000809       0x39 Drivers/STM32F7xx_HAL_Driver/Src/stm32f7xx_ll_fmc.o
 .ARM.attributes
                0x0000000000000842       0x39 Middlewares/Third_Party/FreeRTOS/Source/CMSIS_RTOS/cmsis_os.o
 .ARM.attributes
                0x000000000000087b       0x39 Middlewares/Third_Party/FreeRTOS/Source/list.o
 .ARM.attributes
                0x00000000000008b4       0x39 Middlewares/Third_Party/FreeRTOS/Source/tasks.o
 .ARM.attributes
                0x00000000000008ed       0x39 Middlewares/Third_Party/FreeRTOS/Source/portable/GCC/ARM_CM7/r0p1/port.o
 .ARM.attributes
                0x0000000000000926       0x39 Middlewares/Third_Party/FreeRTOS/Source/portable/MemMang/heap_4.o
 .ARM.attributes
                0x000000000000095f       0x34 /opt/st/stm32cubeide_1.5.1/plugins/com.st.stm32cube.ide.mcu.externaltools.gnu-tools-for-stm32.7-2018-q2-update.linux64_1.5.0.202011040924/tools/bin/../lib/gcc/arm-none-eabi/7.3.1/../../../../arm-none-eabi/lib/thumb/v7e-m/fpv4-sp/hard/libc_nano.a(lib_a-errno.o)
 .ARM.attributes
                0x0000000000000993       0x34 /opt/st/stm32cubeide_1.5.1/plugins/com.st.stm32cube.ide.mcu.externaltools.gnu-tools-for-stm32.7-2018-q2-update.linux64_1.5.0.202011040924/tools/bin/../lib/gcc/arm-none-eabi/7.3.1/../../../../arm-none-eabi/lib/thumb/v7e-m/fpv4-sp/hard/libc_nano.a(lib_a-impure.o)
 .ARM.attributes
                0x00000000000009c7       0x34 /opt/st/stm32cubeide_1.5.1/plugins/com.st.stm32cube.ide.mcu.externaltools.gnu-tools-for-stm32.7-2018-q2-update.linux64_1.5.0.202011040924/tools/bin/../lib/gcc/arm-none-eabi/7.3.1/../../../../arm-none-eabi/lib/thumb/v7e-m/fpv4-sp/hard/libc_nano.a(lib_a-init.o)
 .ARM.attributes
                0x00000000000009fb       0x34 /opt/st/stm32cubeide_1.5.1/plugins/com.st.stm32cube.ide.mcu.externaltools.gnu-tools-for-stm32.7-2018-q2-update.linux64_1.5.0.202011040924/tools/bin/../lib/gcc/arm-none-eabi/7.3.1/../../../../arm-none-eabi/lib/thumb/v7e-m/fpv4-sp/hard/libc_nano.a(lib_a-memcpy-stub.o)
 .ARM.attributes
                0x0000000000000a2f       0x34 /opt/st/stm32cubeide_1.5.1/plugins/com.st.stm32cube.ide.mcu.externaltools.gnu-tools-for-stm32.7-2018-q2-update.linux64_1.5.0.202011040924/tools/bin/../lib/gcc/arm-none-eabi/7.3.1/../../../../arm-none-eabi/lib/thumb/v7e-m/fpv4-sp/hard/libc_nano.a(lib_a-memset.o)
 .ARM.attributes
                0x0000000000000a63       0x34 /opt/st/stm32cubeide_1.5.1/plugins/com.st.stm32cube.ide.mcu.externaltools.gnu-tools-for-stm32.7-2018-q2-update.linux64_1.5.0.202011040924/tools/bin/../lib/gcc/arm-none-eabi/7.3.1/../../../../arm-none-eabi/lib/thumb/v7e-m/fpv4-sp/hard/libc_nano.a(lib_a-sprintf.o)
 .ARM.attributes
                0x0000000000000a97       0x34 /opt/st/stm32cubeide_1.5.1/plugins/com.st.stm32cube.ide.mcu.externaltools.gnu-tools-for-stm32.7-2018-q2-update.linux64_1.5.0.202011040924/tools/bin/../lib/gcc/arm-none-eabi/7.3.1/../../../../arm-none-eabi/lib/thumb/v7e-m/fpv4-sp/hard/libc_nano.a(lib_a-nano-svfprintf.o)
 .ARM.attributes
                0x0000000000000acb       0x34 /opt/st/stm32cubeide_1.5.1/plugins/com.st.stm32cube.ide.mcu.externaltools.gnu-tools-for-stm32.7-2018-q2-update.linux64_1.5.0.202011040924/tools/bin/../lib/gcc/arm-none-eabi/7.3.1/../../../../arm-none-eabi/lib/thumb/v7e-m/fpv4-sp/hard/libc_nano.a(lib_a-nano-vfprintf_i.o)
 .ARM.attributes
                0x0000000000000aff       0x20 /opt/st/stm32cubeide_1.5.1/plugins/com.st.stm32cube.ide.mcu.externaltools.gnu-tools-for-stm32.7-2018-q2-update.linux64_1.5.0.202011040924/tools/bin/../lib/gcc/arm-none-eabi/7.3.1/../../../../arm-none-eabi/lib/thumb/v7e-m/fpv4-sp/hard/libc_nano.a(lib_a-memchr.o)
 .ARM.attributes
                0x0000000000000b1f       0x34 /opt/st/stm32cubeide_1.5.1/plugins/com.st.stm32cube.ide.mcu.externaltools.gnu-tools-for-stm32.7-2018-q2-update.linux64_1.5.0.202011040924/tools/bin/../lib/gcc/arm-none-eabi/7.3.1/../../../../arm-none-eabi/lib/thumb/v7e-m/fpv4-sp/hard/libc_nano.a(lib_a-memmove.o)
 .ARM.attributes
                0x0000000000000b53       0x34 /opt/st/stm32cubeide_1.5.1/plugins/com.st.stm32cube.ide.mcu.externaltools.gnu-tools-for-stm32.7-2018-q2-update.linux64_1.5.0.202011040924/tools/bin/../lib/gcc/arm-none-eabi/7.3.1/../../../../arm-none-eabi/lib/thumb/v7e-m/fpv4-sp/hard/libc_nano.a(lib_a-nano-freer.o)
 .ARM.attributes
                0x0000000000000b87       0x34 /opt/st/stm32cubeide_1.5.1/plugins/com.st.stm32cube.ide.mcu.externaltools.gnu-tools-for-stm32.7-2018-q2-update.linux64_1.5.0.202011040924/tools/bin/../lib/gcc/arm-none-eabi/7.3.1/../../../../arm-none-eabi/lib/thumb/v7e-m/fpv4-sp/hard/libc_nano.a(lib_a-nano-mallocr.o)
 .ARM.attributes
                0x0000000000000bbb       0x34 /opt/st/stm32cubeide_1.5.1/plugins/com.st.stm32cube.ide.mcu.externaltools.gnu-tools-for-stm32.7-2018-q2-update.linux64_1.5.0.202011040924/tools/bin/../lib/gcc/arm-none-eabi/7.3.1/../../../../arm-none-eabi/lib/thumb/v7e-m/fpv4-sp/hard/libc_nano.a(lib_a-nano-reallocr.o)
 .ARM.attributes
                0x0000000000000bef       0x34 /opt/st/stm32cubeide_1.5.1/plugins/com.st.stm32cube.ide.mcu.externaltools.gnu-tools-for-stm32.7-2018-q2-update.linux64_1.5.0.202011040924/tools/bin/../lib/gcc/arm-none-eabi/7.3.1/../../../../arm-none-eabi/lib/thumb/v7e-m/fpv4-sp/hard/libc_nano.a(lib_a-sbrkr.o)
 .ARM.attributes
                0x0000000000000c23       0x34 /opt/st/stm32cubeide_1.5.1/plugins/com.st.stm32cube.ide.mcu.externaltools.gnu-tools-for-stm32.7-2018-q2-update.linux64_1.5.0.202011040924/tools/bin/../lib/gcc/arm-none-eabi/7.3.1/../../../../arm-none-eabi/lib/thumb/v7e-m/fpv4-sp/hard/libc_nano.a(lib_a-mlock.o)
 .ARM.attributes
                0x0000000000000c57       0x34 /opt/st/stm32cubeide_1.5.1/plugins/com.st.stm32cube.ide.mcu.externaltools.gnu-tools-for-stm32.7-2018-q2-update.linux64_1.5.0.202011040924/tools/bin/../lib/gcc/arm-none-eabi/7.3.1/../../../../arm-none-eabi/lib/thumb/v7e-m/fpv4-sp/hard/libc_nano.a(lib_a-nano-msizer.o)
 .ARM.attributes
                0x0000000000000c8b       0x34 /opt/st/stm32cubeide_1.5.1/plugins/com.st.stm32cube.ide.mcu.externaltools.gnu-tools-for-stm32.7-2018-q2-update.linux64_1.5.0.202011040924/tools/bin/../lib/gcc/arm-none-eabi/7.3.1/../../../../arm-none-eabi/lib/thumb/v7e-m/fpv4-sp/hard/libc_nano.a(lib_a-reent.o)
 .ARM.attributes