main.c:164:5:main	280	static
main.c:338:6:SystemClock_Config	216	static
main.c:414:13:MX_ADC1_Init	24	static
main.c:464:13:MX_ADC3_Init	24	static
main.c:514:13:MX_CRC_Init	8	static
main.c:545:13:MX_DAC_Init	16	static
main.c:583:13:MX_DMA2D_Init	8	static
main.c:620:13:MX_I2C1_Init	8	static
main.c:666:13:MX_I2C3_Init	8	static
main.c:712:13:MX_LTDC_Init	64	static
main.c:774:13:MX_RNG_Init	8	static
main.c:800:13:MX_RTC_Init	80	static
main.c:892:13:MX_SPI2_Init	8	static
main.c:932:13:MX_TIM1_Init	40	static
main.c:979:13:MX_TIM2_Init	40	static
main.c:1024:13:MX_TIM3_Init	88	static
main.c:1090:13:MX_TIM5_Init	40	static
main.c:1135:13:MX_TIM8_Init	112	static
main.c:1214:13:MX_UART7_Init	8	static
main.c:1249:13:MX_USART1_UART_Init	8	static
main.c:1284:13:MX_USART6_UART_Init	8	static
main.c:1315:13:MX_FMC_Init	40	static
main.c:1366:13:MX_GPIO_Init	72	static
main.c:1543:5:envoie_score	16	static
main.c:1559:6:f_GameMaster	24	static
main.c:1587:6:f_Joueur_1	80	static
main.c:1653:6:f_block_enemie	24	static
main.c:1673:6:f_projectile	528	static
main.c:1696:6:HAL_TIM_PeriodElapsedCallback	16	static
main.c:1713:6:Error_Handler	4	static,ignoring_inline_asm
