main.c:183:5:main	320	static
main.c:356:6:SystemClock_Config	216	static
main.c:422:13:MX_ADC1_Init	24	static
main.c:472:13:MX_ADC3_Init	24	static
main.c:522:13:MX_CRC_Init	8	static
main.c:553:13:MX_DAC_Init	16	static
main.c:591:13:MX_DMA2D_Init	8	static
main.c:628:13:MX_LTDC_Init	64	static
main.c:690:13:MX_RNG_Init	8	static
main.c:716:13:MX_SPI2_Init	8	static
main.c:756:13:MX_TIM1_Init	40	static
main.c:803:13:MX_TIM2_Init	40	static
main.c:848:13:MX_TIM3_Init	88	static
main.c:914:13:MX_TIM5_Init	40	static
main.c:959:13:MX_TIM8_Init	112	static
main.c:1034:13:MX_FMC_Init	40	static
main.c:1085:13:MX_GPIO_Init	72	static
main.c:1321:6:f_GameMaster	32	static
main.c:1368:6:f_Joueur_1	96	static
main.c:1450:6:f_block_enemie	1016	static
main.c:1503:6:f_projectile	384	static
main.c:1591:6:f_IRQ_BP	24	static,ignoring_inline_asm
main.c:1619:6:f_tir_joueur	16	static
main.c:1660:6:HAL_TIM_PeriodElapsedCallback	16	static
main.c:1677:6:Error_Handler	4	static,ignoring_inline_asm
