main.c:185:5:main	280	static
main.c:360:6:SystemClock_Config	216	static
main.c:436:13:MX_ADC1_Init	24	static
main.c:486:13:MX_ADC3_Init	24	static
main.c:536:13:MX_CRC_Init	8	static
main.c:567:13:MX_DAC_Init	16	static
main.c:605:13:MX_DMA2D_Init	8	static
main.c:642:13:MX_I2C1_Init	8	static
main.c:688:13:MX_I2C3_Init	8	static
main.c:734:13:MX_LTDC_Init	64	static
main.c:796:13:MX_RNG_Init	8	static
main.c:822:13:MX_RTC_Init	80	static
main.c:914:13:MX_SPI2_Init	8	static
main.c:954:13:MX_TIM1_Init	40	static
main.c:1001:13:MX_TIM2_Init	40	static
main.c:1046:13:MX_TIM3_Init	88	static
main.c:1112:13:MX_TIM5_Init	40	static
main.c:1157:13:MX_TIM8_Init	112	static
main.c:1236:13:MX_UART7_Init	8	static
main.c:1271:13:MX_USART1_UART_Init	8	static
main.c:1306:13:MX_USART6_UART_Init	8	static
main.c:1337:13:MX_FMC_Init	40	static
main.c:1388:13:MX_GPIO_Init	72	static
main.c:1565:5:envoie_score	16	static
main.c:1581:6:f_GameMaster	32	static
main.c:1628:6:f_Joueur_1	80	static
main.c:1699:6:f_block_enemie	1016	static
main.c:1752:6:f_projectile	384	static
main.c:1842:6:HAL_TIM_PeriodElapsedCallback	16	static
main.c:1859:6:Error_Handler	4	static,ignoring_inline_asm
