main.c:176:5:main	288	static
main.c:345:6:SystemClock_Config	216	static
main.c:411:13:MX_ADC1_Init	24	static
main.c:461:13:MX_ADC3_Init	24	static
main.c:511:13:MX_CRC_Init	8	static
main.c:542:13:MX_DAC_Init	16	static
main.c:580:13:MX_DMA2D_Init	8	static
main.c:617:13:MX_LTDC_Init	64	static
main.c:679:13:MX_RNG_Init	8	static
main.c:705:13:MX_SPI2_Init	8	static
main.c:745:13:MX_TIM1_Init	40	static
main.c:792:13:MX_TIM2_Init	40	static
main.c:837:13:MX_TIM3_Init	88	static
main.c:903:13:MX_TIM5_Init	40	static
main.c:948:13:MX_TIM8_Init	112	static
main.c:1023:13:MX_FMC_Init	40	static
main.c:1074:13:MX_GPIO_Init	72	static
main.c:1310:6:f_GameMaster	32	static
main.c:1357:6:f_Joueur_1	96	static
main.c:1439:6:f_block_enemie	1016	static
main.c:1492:6:f_projectile	384	static
main.c:1583:6:f_IRQ_BP	56	static
main.c:1616:6:HAL_TIM_PeriodElapsedCallback	16	static
main.c:1633:6:Error_Handler	4	static,ignoring_inline_asm
