main.c:174:5:main	208	static
main.c:338:6:SystemClock_Config	216	static
main.c:404:13:MX_ADC1_Init	24	static
main.c:454:13:MX_ADC3_Init	24	static
main.c:504:13:MX_CRC_Init	8	static
main.c:535:13:MX_DAC_Init	16	static
main.c:573:13:MX_DMA2D_Init	8	static
main.c:610:13:MX_LTDC_Init	64	static
main.c:672:13:MX_RNG_Init	8	static
main.c:698:13:MX_SPI2_Init	8	static
main.c:738:13:MX_TIM1_Init	40	static
main.c:785:13:MX_TIM2_Init	40	static
main.c:830:13:MX_TIM3_Init	88	static
main.c:896:13:MX_TIM5_Init	40	static
main.c:941:13:MX_TIM8_Init	112	static
main.c:1016:13:MX_FMC_Init	40	static
main.c:1067:13:MX_GPIO_Init	72	static
main.c:1308:6:HAL_GPIO_EXTI_Callback	40	static
main.c:1330:6:f_GameMaster	32	static
main.c:1377:6:f_Joueur_1	96	static
main.c:1459:6:f_block_enemie	1016	static
main.c:1512:6:f_projectile	384	static
main.c:1610:6:HAL_TIM_PeriodElapsedCallback	16	static
main.c:1627:6:Error_Handler	4	static,ignoring_inline_asm
