main.c:115:5:main	136	static
main.c:255:6:SystemClock_Config	216	static
main.c:330:13:MX_ADC1_Init	24	static
main.c:380:13:MX_ADC3_Init	24	static
main.c:430:13:MX_DAC_Init	16	static
main.c:468:13:MX_DMA2D_Init	8	static
main.c:505:13:MX_I2C1_Init	8	static
main.c:551:13:MX_I2C3_Init	8	static
main.c:597:13:MX_LTDC_Init	64	static
main.c:659:13:MX_RTC_Init	80	static
main.c:751:13:MX_SPI2_Init	8	static
main.c:791:13:MX_TIM1_Init	40	static
main.c:838:13:MX_TIM2_Init	40	static
main.c:883:13:MX_TIM3_Init	88	static
main.c:949:13:MX_TIM5_Init	40	static
main.c:994:13:MX_TIM8_Init	112	static
main.c:1073:13:MX_UART7_Init	8	static
main.c:1108:13:MX_USART1_UART_Init	8	static
main.c:1143:13:MX_USART6_UART_Init	8	static
main.c:1174:13:MX_FMC_Init	40	static
main.c:1225:13:MX_GPIO_Init	72	static
main.c:1412:6:StartDefaultTask	16	static
main.c:1431:6:HAL_TIM_PeriodElapsedCallback	16	static
main.c:1448:6:Error_Handler	4	static,ignoring_inline_asm
