main.c:191:5:main	216	static
main.c:354:6:SystemClock_Config	216	static
main.c:420:13:MX_ADC1_Init	24	static
main.c:470:13:MX_ADC3_Init	24	static
main.c:520:13:MX_CRC_Init	8	static
main.c:551:13:MX_DAC_Init	16	static
main.c:589:13:MX_DMA2D_Init	8	static
main.c:626:13:MX_LTDC_Init	64	static
main.c:688:13:MX_RNG_Init	8	static
main.c:714:13:MX_TIM1_Init	40	static
main.c:761:13:MX_TIM2_Init	40	static
main.c:806:13:MX_TIM3_Init	88	static
main.c:872:13:MX_TIM5_Init	40	static
main.c:917:13:MX_TIM8_Init	112	static
main.c:992:13:MX_FMC_Init	40	static
main.c:1043:13:MX_GPIO_Init	72	static
main.c:1298:12:envoie_score	16	static
main.c:1304:6:repopulate_ennemie_list	40	static
main.c:1338:6:lcd_plot_rect	24	static
main.c:1347:9:colision_missile	16	static
main.c:1360:6:f_GameMaster	32	static
main.c:1402:6:f_Joueur_1	120	static
main.c:1486:6:f_block_enemie	88	static
main.c:1572:6:f_projectile	112	dynamic
main.c:1709:6:HAL_TIM_PeriodElapsedCallback	16	static
main.c:1726:6:Error_Handler	4	static,ignoring_inline_asm
